Archive member included to satisfy reference by file (symbol)

app/libapp.a(main.c.obj)      (--whole-archive)
zephyr/libzephyr.a(heap.c.obj)
                              (--whole-archive)
zephyr/libzephyr.a(cbprintf_packaged.c.obj)
                              (--whole-archive)
zephyr/libzephyr.a(printk.c.obj)
                              (--whole-archive)
zephyr/libzephyr.a(sem.c.obj)
                              (--whole-archive)
zephyr/libzephyr.a(thread_entry.c.obj)
                              (--whole-archive)
zephyr/libzephyr.a(cbprintf_complete.c.obj)
                              (--whole-archive)
zephyr/libzephyr.a(assert.c.obj)
                              (--whole-archive)
zephyr/libzephyr.a(reboot.c.obj)
                              (--whole-archive)
zephyr/libzephyr.a(dec.c.obj)
                              (--whole-archive)
zephyr/libzephyr.a(hex.c.obj)
                              (--whole-archive)
zephyr/libzephyr.a(rb.c.obj)  (--whole-archive)
zephyr/libzephyr.a(timeutil.c.obj)
                              (--whole-archive)
zephyr/libzephyr.a(bitarray.c.obj)
                              (--whole-archive)
zephyr/libzephyr.a(configs.c.obj)
                              (--whole-archive)
zephyr/libzephyr.a(stm32cube_hal.c.obj)
                              (--whole-archive)
zephyr/libzephyr.a(soc_config.c.obj)
                              (--whole-archive)
zephyr/libzephyr.a(soc_m7.c.obj)
                              (--whole-archive)
zephyr/libzephyr.a(mpu_regions.c.obj)
                              (--whole-archive)
zephyr/libzephyr.a(mem_attr.c.obj)
                              (--whole-archive)
zephyr/libzephyr.a(tracing_none.c.obj)
                              (--whole-archive)
zephyr/arch/common/libarch__common.a(sw_isr_common.c.obj)
                              (--whole-archive)
zephyr/arch/arch/arm/core/libarch__arm__core.a(fatal.c.obj)
                              (--whole-archive)
zephyr/arch/arch/arm/core/libarch__arm__core.a(nmi.c.obj)
                              (--whole-archive)
zephyr/arch/arch/arm/core/libarch__arm__core.a(nmi_on_reset.S.obj)
                              (--whole-archive)
zephyr/arch/arch/arm/core/libarch__arm__core.a(tls.c.obj)
                              (--whole-archive)
zephyr/arch/arch/arm/core/cortex_m/libarch__arm__core__cortex_m.a(exc_exit.c.obj)
                              (--whole-archive)
zephyr/arch/arch/arm/core/cortex_m/libarch__arm__core__cortex_m.a(fault.c.obj)
                              (--whole-archive)
zephyr/arch/arch/arm/core/cortex_m/libarch__arm__core__cortex_m.a(fault_s.S.obj)
                              (--whole-archive)
zephyr/arch/arch/arm/core/cortex_m/libarch__arm__core__cortex_m.a(fpu.c.obj)
                              (--whole-archive)
zephyr/arch/arch/arm/core/cortex_m/libarch__arm__core__cortex_m.a(reset.S.obj)
                              (--whole-archive)
zephyr/arch/arch/arm/core/cortex_m/libarch__arm__core__cortex_m.a(scb.c.obj)
                              (--whole-archive)
zephyr/arch/arch/arm/core/cortex_m/libarch__arm__core__cortex_m.a(thread_abort.c.obj)
                              (--whole-archive)
zephyr/arch/arch/arm/core/cortex_m/libarch__arm__core__cortex_m.a(vector_table.S.obj)
                              (--whole-archive)
zephyr/arch/arch/arm/core/cortex_m/libarch__arm__core__cortex_m.a(swap.c.obj)
                              (--whole-archive)
zephyr/arch/arch/arm/core/cortex_m/libarch__arm__core__cortex_m.a(swap_helper.S.obj)
                              (--whole-archive)
zephyr/arch/arch/arm/core/cortex_m/libarch__arm__core__cortex_m.a(irq_manage.c.obj)
                              (--whole-archive)
zephyr/arch/arch/arm/core/cortex_m/libarch__arm__core__cortex_m.a(prep_c.c.obj)
                              (--whole-archive)
zephyr/arch/arch/arm/core/cortex_m/libarch__arm__core__cortex_m.a(thread.c.obj)
                              (--whole-archive)
zephyr/arch/arch/arm/core/cortex_m/libarch__arm__core__cortex_m.a(cpu_idle.c.obj)
                              (--whole-archive)
zephyr/arch/arch/arm/core/cortex_m/libarch__arm__core__cortex_m.a(irq_init.c.obj)
                              (--whole-archive)
zephyr/arch/arch/arm/core/cortex_m/libarch__arm__core__cortex_m.a(isr_wrapper.c.obj)
                              (--whole-archive)
zephyr/arch/arch/arm/core/cortex_m/libarch__arm__core__cortex_m.a(__aeabi_read_tp.S.obj)
                              (--whole-archive)
zephyr/arch/arch/arm/core/mpu/libarch__arm__core__mpu.a(arm_core_mpu.c.obj)
                              (--whole-archive)
zephyr/arch/arch/arm/core/mpu/libarch__arm__core__mpu.a(arm_mpu.c.obj)
                              (--whole-archive)
zephyr/lib/libc/picolibc/liblib__libc__picolibc.a(libc-hooks.c.obj)
                              (--whole-archive)
zephyr/lib/libc/common/liblib__libc__common.a(abort.c.obj)
                              (--whole-archive)
[...]
Memory Configuration

Name             Origin             Length             Attributes
FLASH            0x0000000008000000 0x0000000000100000 xr
RAM              0x0000000024000000 0x0000000000050000 xw
BACKUP_SRAM      0x0000000038800000 0x0000000000001000
EXTMEM           0x0000000090000000 0x0000000010000000
SRAM1            0x0000000030000000 0x0000000000004000
SRAM2            0x0000000030004000 0x0000000000004000
SRAM4            0x0000000038000000 0x0000000000004000
DTCM             0x0000000020000000 0x0000000000020000
ITCM             0x0000000000000000 0x0000000000010000
IDT_LIST         0x00000000ffff7fff 0x0000000000008000 xw
*default*        0x0000000000000000 0xffffffffffffffff

Linker script and memory map

LOAD zephyr/CMakeFiles/zephyr_final.dir/misc/empty_file.c.obj
LOAD zephyr/CMakeFiles/zephyr_final.dir/isr_tables.c.obj
LOAD zephyr/CMakeFiles/offsets.dir/./arch/arm/core/offsets/offsets.c.obj
LOAD app/libapp.a
LOAD zephyr/libzephyr.a
LOAD zephyr/arch/common/libarch__common.a
LOAD zephyr/arch/arch/arm/core/libarch__arm__core.a
LOAD zephyr/arch/arch/arm/core/cortex_m/libarch__arm__core__cortex_m.a
LOAD zephyr/arch/arch/arm/core/mpu/libarch__arm__core__mpu.a
LOAD zephyr/lib/libc/picolibc/liblib__libc__picolibc.a
LOAD zephyr/lib/libc/common/liblib__libc__common.a
LOAD zephyr/drivers/interrupt_controller/libdrivers__interrupt_controller.a
LOAD zephyr/drivers/clock_control/libdrivers__clock_control.a
LOAD zephyr/drivers/console/libdrivers__console.a
LOAD zephyr/drivers/gpio/libdrivers__gpio.a
LOAD zephyr/drivers/pinctrl/libdrivers__pinctrl.a
LOAD zephyr/drivers/reset/libdrivers__reset.a
LOAD zephyr/drivers/serial/libdrivers__serial.a
LOAD zephyr/drivers/timer/libdrivers__timer.a
LOAD modules/stm32/stm32cube/lib..__modules__hal__stm32__stm32cube.a
LOAD zephyr/kernel/libkernel.a
LOAD /home/frese/.local/opt/zephyr-sdk-0.16.1/arm-zephyr-eabi/bin/../lib/gcc/arm-zephyr-eabi/12.2.0/thumb/v7e-m/nofp/libgcc.a
LOAD zephyr/arch/common/libisr_tables.a
LOAD /home/frese/.local/opt/zephyr-sdk-0.16.1/arm-zephyr-eabi/bin/../lib/gcc/../../picolibc/arm-zephyr-eabi/lib/thumb/v7e-m/nofp/libc.a
LOAD /home/frese/.local/opt/zephyr-sdk-0.16.1/arm-zephyr-eabi/bin/../lib/gcc/arm-zephyr-eabi/12.2.0/thumb/v7e-m/nofp/libgcc.a
                0x0000000000000020                _region_min_align = 0x20

.rel.plt        0x0000000008000000        0x0
 *(SORT_BY_ALIGNMENT(.rel.plt))
                [!provide]                        PROVIDE (__rel_iplt_start = .)
 *(SORT_BY_ALIGNMENT(.rel.iplt))
 .rel.iplt      0x0000000008000000        0x0 zephyr/CMakeFiles/zephyr_final.dir/isr_tables.c.obj
                [!provide]                        PROVIDE (__rel_iplt_end = .)

.rela.plt       0x0000000000000000        0x0
 *(SORT_BY_ALIGNMENT(.rela.plt))
                [!provide]                        PROVIDE (__rela_iplt_start = .)
 *(SORT_BY_ALIGNMENT(.rela.iplt))
                [!provide]                        PROVIDE (__rela_iplt_end = .)

.rel.dyn
 *(SORT_BY_ALIGNMENT(.rel.*))

.rela.dyn
 *(SORT_BY_ALIGNMENT(.rela.*))

/DISCARD/
 *(SORT_BY_ALIGNMENT(.plt))

/DISCARD/
 *(SORT_BY_ALIGNMENT(.iplt))
                0x0000000008000000                __rom_region_start = 0x8000000

rom_start       0x0000000008000000      0x2cc
                0x0000000008000000                __rom_start_address = .
 FILL mask 0x00
                0x0000000008000000                . = (. + (0x0 - (. - __rom_start_address)))
                0x0000000008000000                . = ALIGN (0x4)
                0x0000000008000000                . = ALIGN (0x80)
                0x0000000008000000                . = ALIGN (0x400)
                0x0000000008000000                _vector_start = .
 *(SORT_BY_ALIGNMENT(.exc_vector_table))
 *(SORT_BY_ALIGNMENT(.exc_vector_table.*))
 .exc_vector_table._vector_table_section
                0x0000000008000000       0x40 zephyr/arch/arch/arm/core/cortex_m/libarch__arm__core__cortex_m.a(vector_table.S.obj)
                0x0000000008000000                _vector_table
 *(SORT_BY_ALIGNMENT(.vectors))
                0x00000000080002cc                _vector_end = .
                0x0000000008000040                . = ALIGN (0x4)
 *(SORT_BY_ALIGNMENT(.gnu.linkonce.irq_vector_table*))
 .gnu.linkonce.irq_vector_table
                0x0000000008000040      0x28c zephyr/CMakeFiles/zephyr_final.dir/isr_tables.c.obj
                0x0000000008000040                _irq_vector_table
                0x00000000080002cc                _vector_end = .

text            0x00000000080002cc     0x4728
                0x00000000080002cc                __text_region_start = .
 *(SORT_BY_ALIGNMENT(.text))
 .text          0x00000000080002cc       0x30 /home/frese/.local/opt/zephyr-sdk-0.16.1/arm-zephyr-eabi/bin/../lib/gcc/arm-zephyr-eabi/12.2.0/thumb/v7e-m/nofp/libgcc.a(_aeabi_uldivmod.o)
                0x00000000080002cc                __aeabi_uldivmod
 .text          0x00000000080002fc        0x4 /home/frese/.local/opt/zephyr-sdk-0.16.1/arm-zephyr-eabi/bin/../lib/gcc/arm-zephyr-eabi/12.2.0/thumb/v7e-m/nofp/libgcc.a(_dvmd_tls.o)
                0x00000000080002fc                __aeabi_ldiv0
                0x00000000080002fc                __aeabi_idiv0
 .text          0x0000000008000300      0x2a0 /home/frese/.local/opt/zephyr-sdk-0.16.1/arm-zephyr-eabi/bin/../lib/gcc/arm-zephyr-eabi/12.2.0/thumb/v7e-m/nofp/libgcc.a(_udivmoddi4.o)
                0x0000000008000300                __udivmoddi4
 *(SORT_BY_ALIGNMENT(.text.*))
 .text.main     0x00000000080005a0       0x70 app/libapp.a(main.c.obj)
                0x00000000080005a0                main
 .text.char_out
                0x0000000008000610        0xc zephyr/libzephyr.a(printk.c.obj)
 .text.__printk_hook_install
                0x000000000800061c        0xc zephyr/libzephyr.a(printk.c.obj)
                0x000000000800061c                __printk_hook_install
 .text.vprintk  0x0000000008000628       0x30 zephyr/libzephyr.a(printk.c.obj)
                0x0000000008000628                vprintk
 .text.z_thread_entry
                0x0000000008000658       0x34 zephyr/libzephyr.a(thread_entry.c.obj)
                0x0000000008000658                z_thread_entry
 .text.stm32h7_init
                0x000000000800068c       0x58 zephyr/libzephyr.a(soc_m7.c.obj)
 .text.mem_attr_get_regions
                0x00000000080006e4        0xc zephyr/libzephyr.a(mem_attr.c.obj)
                0x00000000080006e4                mem_attr_get_regions
 .text.z_arm_nmi
                0x00000000080006f0       0x14 zephyr/arch/arch/arm/core/libarch__arm__core.a(nmi.c.obj)
                0x00000000080006f0                z_arm_nmi
 .text.z_SysNmiOnReset
                0x0000000008000704        0x8 zephyr/arch/arch/arm/core/libarch__arm__core.a(nmi_on_reset.S.obj)
                0x0000000008000704                z_SysNmiOnReset
 .text.arch_tls_stack_setup
                0x000000000800070c       0x40 zephyr/arch/arch/arm/core/libarch__arm__core.a(tls.c.obj)
                0x000000000800070c                arch_tls_stack_setup
 .text._HandlerModeExit
                0x000000000800074c       0x28 zephyr/arch/arch/arm/core/cortex_m/libarch__arm__core__cortex_m.a(exc_exit.c.obj)
                0x000000000800074c                z_arm_exc_exit
                0x000000000800074c                z_arm_int_exit
 .text.mem_manage_fault
                0x0000000008000774       0xa0 zephyr/arch/arch/arm/core/cortex_m/libarch__arm__core__cortex_m.a(fault.c.obj)
 .text.usage_fault.constprop.0
                0x0000000008000814       0x54 zephyr/arch/arch/arm/core/cortex_m/libarch__arm__core__cortex_m.a(fault.c.obj)
 .text.bus_fault.constprop.0
                0x0000000008000868       0x6c zephyr/arch/arch/arm/core/cortex_m/libarch__arm__core__cortex_m.a(fault.c.obj)
 .text.z_arm_fault
                0x00000000080008d4      0x128 zephyr/arch/arch/arm/core/cortex_m/libarch__arm__core__cortex_m.a(fault.c.obj)
                0x00000000080008d4                z_arm_fault
 .text.z_arm_fault_init
                0x00000000080009fc       0x10 zephyr/arch/arch/arm/core/cortex_m/libarch__arm__core__cortex_m.a(fault.c.obj)
                0x00000000080009fc                z_arm_fault_init
 .text.__fault  0x0000000008000a0c       0x14 zephyr/arch/arch/arm/core/cortex_m/libarch__arm__core__cortex_m.a(fault_s.S.obj)
                0x0000000008000a0c                z_arm_bus_fault
                0x0000000008000a0c                z_arm_usage_fault
                0x0000000008000a0c                z_arm_mpu_fault
                0x0000000008000a0c                z_arm_exc_spurious
                0x0000000008000a0c                z_arm_debug_monitor
                0x0000000008000a0c                z_arm_hard_fault
 .text._reset_section
                0x0000000008000a20       0x2c zephyr/arch/arch/arm/core/cortex_m/libarch__arm__core__cortex_m.a(reset.S.obj)
                0x0000000008000a20                z_arm_reset
                0x0000000008000a20                __start
 .text.z_impl_k_thread_abort
                0x0000000008000a4c       0x2c zephyr/arch/arch/arm/core/cortex_m/libarch__arm__core__cortex_m.a(thread_abort.c.obj)
                0x0000000008000a4c                z_impl_k_thread_abort
 .text.arch_swap
                0x0000000008000a78       0x30 zephyr/arch/arch/arm/core/cortex_m/libarch__arm__core__cortex_m.a(swap.c.obj)
                0x0000000008000a78                arch_swap
 .text.z_arm_pendsv_c
                0x0000000008000aa8       0x48 zephyr/arch/arch/arm/core/cortex_m/libarch__arm__core__cortex_m.a(swap.c.obj)
                0x0000000008000aa8                z_arm_pendsv_c
 .text.z_arm_pendsv
                0x0000000008000af0       0x34 zephyr/arch/arch/arm/core/cortex_m/libarch__arm__core__cortex_m.a(swap_helper.S.obj)
                0x0000000008000af0                z_arm_pendsv
 .text.z_arm_svc
                0x0000000008000b24       0x20 zephyr/arch/arch/arm/core/cortex_m/libarch__arm__core__cortex_m.a(swap_helper.S.obj)
                0x0000000008000b24                z_arm_svc
 .text.arch_irq_enable
                0x0000000008000b44       0x1c zephyr/arch/arch/arm/core/cortex_m/libarch__arm__core__cortex_m.a(irq_manage.c.obj)
                0x0000000008000b44                arch_irq_enable
 .text.z_arm_irq_priority_set
                0x0000000008000b60       0x2c zephyr/arch/arch/arm/core/cortex_m/libarch__arm__core__cortex_m.a(irq_manage.c.obj)
                0x0000000008000b60                z_arm_irq_priority_set
 .text.z_prep_c
                0x0000000008000b8c       0x48 zephyr/arch/arch/arm/core/cortex_m/libarch__arm__core__cortex_m.a(prep_c.c.obj)
                0x0000000008000b8c                z_prep_c
 .text.arch_new_thread
                0x0000000008000bd4       0x2c zephyr/arch/arch/arm/core/cortex_m/libarch__arm__core__cortex_m.a(thread.c.obj)
                0x0000000008000bd4                arch_new_thread
 .text.z_check_thread_stack_fail
                0x0000000008000c00       0x2c zephyr/arch/arch/arm/core/cortex_m/libarch__arm__core__cortex_m.a(thread.c.obj)
                0x0000000008000c00                z_check_thread_stack_fail
 .text.arch_switch_to_main_thread
                0x0000000008000c2c       0x44 zephyr/arch/arch/arm/core/cortex_m/libarch__arm__core__cortex_m.a(thread.c.obj)
                0x0000000008000c2c                arch_switch_to_main_thread
 .text.z_arm_cpu_idle_init
                0x0000000008000c70        0xc zephyr/arch/arch/arm/core/cortex_m/libarch__arm__core__cortex_m.a(cpu_idle.c.obj)
                0x0000000008000c70                z_arm_cpu_idle_init
 .text.z_arm_interrupt_init
                0x0000000008000c7c       0x18 zephyr/arch/arch/arm/core/cortex_m/libarch__arm__core__cortex_m.a(irq_init.c.obj)
                0x0000000008000c7c                z_arm_interrupt_init
 .text._isr_wrapper
                0x0000000008000c94       0x24 zephyr/arch/arch/arm/core/cortex_m/libarch__arm__core__cortex_m.a(isr_wrapper.c.obj)
                0x0000000008000c94                _isr_wrapper
 .text.z_arm_configure_static_mpu_regions
                0x0000000008000cb8       0x18 zephyr/arch/arch/arm/core/mpu/libarch__arm__core__mpu.a(arm_core_mpu.c.obj)
                0x0000000008000cb8                z_arm_configure_static_mpu_regions
 .text.z_arm_configure_dynamic_mpu_regions
                0x0000000008000cd0       0x20 zephyr/arch/arch/arm/core/mpu/libarch__arm__core__mpu.a(arm_core_mpu.c.obj)
                0x0000000008000cd0                z_arm_configure_dynamic_mpu_regions
 .text.region_init
                0x0000000008000cf0       0x28 zephyr/arch/arch/arm/core/mpu/libarch__arm__core__mpu.a(arm_mpu.c.obj)
 .text.mpu_configure_regions
                0x0000000008000d18       0x6c zephyr/arch/arch/arm/core/mpu/libarch__arm__core__mpu.a(arm_mpu.c.obj)
 .text.arm_core_mpu_enable
                0x0000000008000d84       0x18 zephyr/arch/arch/arm/core/mpu/libarch__arm__core__mpu.a(arm_mpu.c.obj)
                0x0000000008000d84                arm_core_mpu_enable
 .text.arm_core_mpu_disable
                0x0000000008000d9c       0x14 zephyr/arch/arch/arm/core/mpu/libarch__arm__core__mpu.a(arm_mpu.c.obj)
                0x0000000008000d9c                arm_core_mpu_disable
 .text.arm_core_mpu_configure_static_mpu_regions
                0x0000000008000db0       0x14 zephyr/arch/arch/arm/core/mpu/libarch__arm__core__mpu.a(arm_mpu.c.obj)
                0x0000000008000db0                arm_core_mpu_configure_static_mpu_regions
 .text.arm_core_mpu_configure_dynamic_mpu_regions
                0x0000000008000dc4       0x38 zephyr/arch/arch/arm/core/mpu/libarch__arm__core__mpu.a(arm_mpu.c.obj)
                0x0000000008000dc4                arm_core_mpu_configure_dynamic_mpu_regions
 .text.z_arm_mpu_init
                0x0000000008000dfc      0x168 zephyr/arch/arch/arm/core/mpu/libarch__arm__core__mpu.a(arm_mpu.c.obj)
                0x0000000008000dfc                z_arm_mpu_init
 .text.z_impl_zephyr_fputc
                0x0000000008000f64       0x10 zephyr/lib/libc/picolibc/liblib__libc__picolibc.a(libc-hooks.c.obj)
                0x0000000008000f64                z_impl_zephyr_fputc
 .text.__stdout_hook_install
                0x0000000008000f74       0x18 zephyr/lib/libc/picolibc/liblib__libc__picolibc.a(libc-hooks.c.obj)
                0x0000000008000f74                __stdout_hook_install
 .text.malloc_prepare
                0x0000000008000f8c       0x24 zephyr/lib/libc/common/liblib__libc__common.a(malloc.c.obj)
 .text.stm32_exti_isr
                0x0000000008000fb0       0x50 zephyr/drivers/interrupt_controller/libdrivers__interrupt_controller.a(intc_exti_stm32.c.obj)
 .text.stm32_fill_irq_table
                0x0000000008001000       0x18 zephyr/drivers/interrupt_controller/libdrivers__interrupt_controller.a(intc_exti_stm32.c.obj)
 .text.stm32_exti_enable
                0x0000000008001018       0x28 zephyr/drivers/interrupt_controller/libdrivers__interrupt_controller.a(intc_exti_stm32.c.obj)
                0x0000000008001018                stm32_exti_enable
 .text.stm32_exti_set_callback
                0x0000000008001040       0x30 zephyr/drivers/interrupt_controller/libdrivers__interrupt_controller.a(intc_exti_stm32.c.obj)
                0x0000000008001040                stm32_exti_set_callback
 .text.stm32_exti_unset_callback
                0x0000000008001070       0x14 zephyr/drivers/interrupt_controller/libdrivers__interrupt_controller.a(intc_exti_stm32.c.obj)
                0x0000000008001070                stm32_exti_unset_callback
 .text.get_pllsrc_frequency
                0x0000000008001084       0x1c zephyr/drivers/clock_control/libdrivers__clock_control.a(clock_stm32_ll_h7.c.obj)
 .text.get_hclk_frequency
                0x00000000080010a0       0x34 zephyr/drivers/clock_control/libdrivers__clock_control.a(clock_stm32_ll_h7.c.obj)
 .text.stm32_clock_control_get_subsys_rate
                0x00000000080010d4       0xc4 zephyr/drivers/clock_control/libdrivers__clock_control.a(clock_stm32_ll_h7.c.obj)
 .text.stm32_clock_control_init
                0x0000000008001198      0x210 zephyr/drivers/clock_control/libdrivers__clock_control.a(clock_stm32_ll_h7.c.obj)
                0x0000000008001198                stm32_clock_control_init
 .text.uart_console_init
                0x00000000080013a8       0x28 zephyr/drivers/console/libdrivers__console.a(uart_console.c.obj)
 .text.console_out
                0x00000000080013d0       0x28 zephyr/drivers/console/libdrivers__console.a(uart_console.c.obj)
 .text.gpio_stm32_init
                0x00000000080013f8       0x30 zephyr/drivers/gpio/libdrivers__gpio.a(gpio_stm32.c.obj)
 .text.gpio_stm32_pin_interrupt_configure
                0x0000000008001428      0x118 zephyr/drivers/gpio/libdrivers__gpio.a(gpio_stm32.c.obj)
 .text.pinctrl_configure_pins
                0x0000000008001540       0x84 zephyr/drivers/pinctrl/libdrivers__pinctrl.a(pinctrl_stm32.c.obj)
                0x0000000008001540                pinctrl_configure_pins
 .text.uart_stm32_parameters_set
                0x00000000080015c4      0x134 zephyr/drivers/serial/libdrivers__serial.a(uart_stm32.c.obj)
 .text.uart_stm32_init
                0x00000000080016f8      0x184 zephyr/drivers/serial/libdrivers__serial.a(uart_stm32.c.obj)
 .text.uart_stm32_configure
                0x000000000800187c      0x188 zephyr/drivers/serial/libdrivers__serial.a(uart_stm32.c.obj)
 .text.elapsed  0x0000000008001a04       0x4c zephyr/drivers/timer/libdrivers__timer.a(cortex_m_systick.c.obj)
 .text.sys_clock_driver_init
                0x0000000008001a50       0x38 zephyr/drivers/timer/libdrivers__timer.a(cortex_m_systick.c.obj)
 .text.sys_clock_isr
                0x0000000008001a88       0x54 zephyr/drivers/timer/libdrivers__timer.a(cortex_m_systick.c.obj)
                0x0000000008001a88                sys_clock_isr
 .text.sys_clock_set_timeout
                0x0000000008001adc       0xfc zephyr/drivers/timer/libdrivers__timer.a(cortex_m_systick.c.obj)
                0x0000000008001adc                sys_clock_set_timeout
 .text.sys_clock_elapsed
                0x0000000008001bd8       0x3c zephyr/drivers/timer/libdrivers__timer.a(cortex_m_systick.c.obj)
                0x0000000008001bd8                sys_clock_elapsed
 .text.HAL_DBGMCU_DisableDBGStopMode
                0x0000000008001c14       0x10 modules/stm32/stm32cube/lib..__modules__hal__stm32__stm32cube.a(stm32h7xx_hal.c.obj)
                0x0000000008001c14                HAL_DBGMCU_DisableDBGStopMode
 .text.LL_SetFlashLatency
                0x0000000008001c24      0x198 modules/stm32/stm32cube/lib..__modules__hal__stm32__stm32cube.a(stm32h7xx_ll_utils.c.obj)
                0x0000000008001c24                LL_SetFlashLatency
 .text.z_fatal_error
                0x0000000008001dbc       0x30 zephyr/kernel/libkernel.a(fatal.c.obj)
                0x0000000008001dbc                z_fatal_error
 .text.z_sys_init_run_level
                0x0000000008001dec       0x2c zephyr/kernel/libkernel.a(init.c.obj)
 .text.bg_thread_main
                0x0000000008001e18       0xc4 zephyr/kernel/libkernel.a(init.c.obj)
 .text.z_bss_zero
                0x0000000008001edc       0x2c zephyr/kernel/libkernel.a(init.c.obj)
                0x0000000008001edc                z_bss_zero
 .text.z_init_cpu
                0x0000000008001f08       0x70 zephyr/kernel/libkernel.a(init.c.obj)
                0x0000000008001f08                z_init_cpu
 .text.z_cstart
                0x0000000008001f78       0xd0 zephyr/kernel/libkernel.a(init.c.obj)
                0x0000000008001f78                z_cstart
 .text.z_setup_new_thread
                0x0000000008002048       0x9c zephyr/kernel/libkernel.a(thread.c.obj)
                0x0000000008002048                z_setup_new_thread
 .text.update_cache
                0x00000000080020e4       0x3c zephyr/kernel/libkernel.a(sched.c.obj)
 .text.unready_thread
                0x0000000008002120       0x30 zephyr/kernel/libkernel.a(sched.c.obj)
 .text.ready_thread
                0x0000000008002150       0x68 zephyr/kernel/libkernel.a(sched.c.obj)
 .text.z_thread_halt
                0x00000000080021b8       0xdc zephyr/kernel/libkernel.a(sched.c.obj)
 .text.move_thread_to_end_of_prio_q
                0x0000000008002294       0x74 zephyr/kernel/libkernel.a(sched.c.obj)
                0x0000000008002294                move_thread_to_end_of_prio_q
 .text.z_reschedule
                0x0000000008002308       0x24 zephyr/kernel/libkernel.a(sched.c.obj)
                0x0000000008002308                z_reschedule
 .text.z_sched_start
                0x000000000800232c       0x3c zephyr/kernel/libkernel.a(sched.c.obj)
                0x000000000800232c                z_sched_start
 .text.z_reschedule_irqlock
                0x0000000008002368       0x28 zephyr/kernel/libkernel.a(sched.c.obj)
                0x0000000008002368                z_reschedule_irqlock
 .text.k_sched_lock
                0x0000000008002390       0x28 zephyr/kernel/libkernel.a(sched.c.obj)
                0x0000000008002390                k_sched_lock
 .text.k_sched_unlock
                0x00000000080023b8       0x40 zephyr/kernel/libkernel.a(sched.c.obj)
                0x00000000080023b8                k_sched_unlock
 .text.z_sched_init
                0x00000000080023f8       0x10 zephyr/kernel/libkernel.a(sched.c.obj)
                0x00000000080023f8                z_sched_init
 .text.z_impl_k_yield
                0x0000000008002408       0x7c zephyr/kernel/libkernel.a(sched.c.obj)
                0x0000000008002408                z_impl_k_yield
 .text.z_tick_sleep
                0x0000000008002484       0x88 zephyr/kernel/libkernel.a(sched.c.obj)
 .text.z_impl_k_sleep
                0x000000000800250c       0x38 zephyr/kernel/libkernel.a(sched.c.obj)
                0x000000000800250c                z_impl_k_sleep
 .text.z_impl_k_sched_current_thread_query
                0x0000000008002544        0xc zephyr/kernel/libkernel.a(sched.c.obj)
                0x0000000008002544                z_impl_k_sched_current_thread_query
 .text.slice_timeout
                0x0000000008002550       0x20 zephyr/kernel/libkernel.a(timeslicing.c.obj)
 .text.thread_is_sliceable
                0x0000000008002570       0x3c zephyr/kernel/libkernel.a(timeslicing.c.obj)
                0x0000000008002570                thread_is_sliceable
 .text.z_reset_time_slice
                0x00000000080025ac       0x50 zephyr/kernel/libkernel.a(timeslicing.c.obj)
                0x00000000080025ac                z_reset_time_slice
 .text.z_time_slice
                0x00000000080025fc       0x60 zephyr/kernel/libkernel.a(timeslicing.c.obj)
                0x00000000080025fc                z_time_slice
 .text.z_data_copy
                0x000000000800265c       0x4c zephyr/kernel/libkernel.a(xip.c.obj)
                0x000000000800265c                z_data_copy
 .text.elapsed  0x00000000080026a8       0x14 zephyr/kernel/libkernel.a(timeout.c.obj)
 .text.remove_timeout
                0x00000000080026bc       0x38 zephyr/kernel/libkernel.a(timeout.c.obj)
 .text.next_timeout
                0x00000000080026f4       0x40 zephyr/kernel/libkernel.a(timeout.c.obj)
 .text.z_add_timeout
                0x0000000008002734       0xf4 zephyr/kernel/libkernel.a(timeout.c.obj)
                0x0000000008002734                z_add_timeout
 .text.sys_clock_announce
                0x0000000008002828       0xd4 zephyr/kernel/libkernel.a(timeout.c.obj)
                0x0000000008002828                sys_clock_announce
 .text.sys_clock_tick_get
                0x00000000080028fc       0x30 zephyr/kernel/libkernel.a(timeout.c.obj)
                0x00000000080028fc                sys_clock_tick_get
 .text.boot_banner
                0x000000000800292c        0xc zephyr/kernel/libkernel.a(banner.c.obj)
                0x000000000800292c                boot_banner
 .text.printf   0x0000000008002938       0x24 /home/frese/.local/opt/zephyr-sdk-0.16.1/arm-zephyr-eabi/bin/../lib/gcc/../../picolibc/arm-zephyr-eabi/lib/thumb/v7e-m/nofp/libc.a(libc_tinystdio_printf.c.o)
                0x0000000008002938                printf
 .text.skip_to_arg
                0x000000000800295c      0x138 /home/frese/.local/opt/zephyr-sdk-0.16.1/arm-zephyr-eabi/bin/../lib/gcc/../../picolibc/arm-zephyr-eabi/lib/thumb/v7e-m/nofp/libc.a(libc_tinystdio_vfprintf.c.o)
 .text.vfprintf
                0x0000000008002a94      0xbac /home/frese/.local/opt/zephyr-sdk-0.16.1/arm-zephyr-eabi/bin/../lib/gcc/../../picolibc/arm-zephyr-eabi/lib/thumb/v7e-m/nofp/libc.a(libc_tinystdio_vfprintf.c.o)
                0x0000000008002a94                __d_vfprintf
                0x0000000008002a94                vfprintf
 .text.div10    0x0000000008003640       0x28 /home/frese/.local/opt/zephyr-sdk-0.16.1/arm-zephyr-eabi/bin/../lib/gcc/../../picolibc/arm-zephyr-eabi/lib/thumb/v7e-m/nofp/libc.a(libc_tinystdio_dtoa_ryu.c.o)
 .text.__dtoa_engine
                0x0000000008003668      0x4a4 /home/frese/.local/opt/zephyr-sdk-0.16.1/arm-zephyr-eabi/bin/../lib/gcc/../../picolibc/arm-zephyr-eabi/lib/thumb/v7e-m/nofp/libc.a(libc_tinystdio_dtoa_ryu.c.o)
                0x0000000008003668                __dtoa_engine
 .text.__pow5Factor
                0x0000000008003b0c       0x30 /home/frese/.local/opt/zephyr-sdk-0.16.1/arm-zephyr-eabi/bin/../lib/gcc/../../picolibc/arm-zephyr-eabi/lib/thumb/v7e-m/nofp/libc.a(libc_tinystdio_ryu_table.c.o)
                0x0000000008003b0c                __pow5Factor
 .text.__double_computePow5
                0x0000000008003b3c       0xe8 /home/frese/.local/opt/zephyr-sdk-0.16.1/arm-zephyr-eabi/bin/../lib/gcc/../../picolibc/arm-zephyr-eabi/lib/thumb/v7e-m/nofp/libc.a(libc_tinystdio_ryu_table.c.o)
                0x0000000008003b3c                __double_computePow5
 .text.__double_computeInvPow5
                0x0000000008003c24       0xf8 /home/frese/.local/opt/zephyr-sdk-0.16.1/arm-zephyr-eabi/bin/../lib/gcc/../../picolibc/arm-zephyr-eabi/lib/thumb/v7e-m/nofp/libc.a(libc_tinystdio_ryu_table.c.o)
                0x0000000008003c24                __double_computeInvPow5
 .text.__log10Pow2
                0x0000000008003d1c        0xc /home/frese/.local/opt/zephyr-sdk-0.16.1/arm-zephyr-eabi/bin/../lib/gcc/../../picolibc/arm-zephyr-eabi/lib/thumb/v7e-m/nofp/libc.a(libc_tinystdio_ryu_log10.c.o)
                0x0000000008003d1c                __log10Pow2
 .text.__log10Pow5
                0x0000000008003d28        0xc /home/frese/.local/opt/zephyr-sdk-0.16.1/arm-zephyr-eabi/bin/../lib/gcc/../../picolibc/arm-zephyr-eabi/lib/thumb/v7e-m/nofp/libc.a(libc_tinystdio_ryu_log10.c.o)
                0x0000000008003d28                __log10Pow5
 .text.__pow5bits
                0x0000000008003d34       0x10 /home/frese/.local/opt/zephyr-sdk-0.16.1/arm-zephyr-eabi/bin/../lib/gcc/../../picolibc/arm-zephyr-eabi/lib/thumb/v7e-m/nofp/libc.a(libc_tinystdio_ryu_pow5bits.c.o)
                0x0000000008003d34                __pow5bits
 .text._OffsetAbsSyms
                0x0000000008003d44        0x2 zephyr/CMakeFiles/offsets.dir/./arch/arm/core/offsets/offsets.c.obj
                0x0000000008003d44                _OffsetAbsSyms
 .text.chunk_field
                0x0000000008003d46       0x16 zephyr/libzephyr.a(heap.c.obj)
 .text.chunk_set
                0x0000000008003d5c       0x16 zephyr/libzephyr.a(heap.c.obj)
 .text.chunk_size
                0x0000000008003d72        0xc zephyr/libzephyr.a(heap.c.obj)
 .text.set_chunk_used
                0x0000000008003d7e       0x30 zephyr/libzephyr.a(heap.c.obj)
 .text.set_chunk_size
                0x0000000008003dae        0x8 zephyr/libzephyr.a(heap.c.obj)
 .text.bucket_idx.isra.0
                0x0000000008003db6       0x1e zephyr/libzephyr.a(heap.c.obj)
 .text.free_list_add
                0x0000000008003dd4       0x84 zephyr/libzephyr.a(heap.c.obj)
 .text.sys_heap_init
                0x0000000008003e58       0xb0 zephyr/libzephyr.a(heap.c.obj)
                0x0000000008003e58                sys_heap_init
 .text.arch_printk_char_out
                0x0000000008003f08        0x4 zephyr/libzephyr.a(printk.c.obj)
                0x0000000008003f08                arch_printk_char_out
 .text.printk   0x0000000008003f0c       0x1a zephyr/libzephyr.a(printk.c.obj)
                0x0000000008003f0c                printk
 .text._ConfigAbsSyms
                0x0000000008003f26        0x2 zephyr/libzephyr.a(configs.c.obj)
                0x0000000008003f26                _ConfigAbsSyms
 .text.st_stm32_common_config
                0x0000000008003f28        0xa zephyr/libzephyr.a(soc_config.c.obj)
 .text.z_arm_fatal_error
                0x0000000008003f32        0xc zephyr/arch/arch/arm/core/libarch__arm__core.a(fatal.c.obj)
                0x0000000008003f32                z_arm_fatal_error
 .text.z_do_kernel_oops
                0x0000000008003f3e        0x8 zephyr/arch/arch/arm/core/libarch__arm__core.a(fatal.c.obj)
                0x0000000008003f3e                z_do_kernel_oops
 .text.z_irq_spurious
                0x0000000008003f46        0x8 zephyr/arch/arch/arm/core/cortex_m/libarch__arm__core__cortex_m.a(irq_manage.c.obj)
                0x0000000008003f46                z_irq_spurious
 .text.arch_irq_unlock_outlined
                0x0000000008003f4e        0xe zephyr/arch/arch/arm/core/cortex_m/libarch__arm__core__cortex_m.a(thread.c.obj)
                0x0000000008003f4e                arch_irq_unlock_outlined
 .text.arch_cpu_idle
                0x0000000008003f5c       0x1a zephyr/arch/arch/arm/core/cortex_m/libarch__arm__core__cortex_m.a(cpu_idle.c.obj)
                0x0000000008003f5c                arch_cpu_idle
 .text.size_to_mpu_rasr_size
                0x0000000008003f76       0x20 zephyr/arch/arch/arm/core/mpu/libarch__arm__core__mpu.a(arm_mpu.c.obj)
 .text.picolibc_put
                0x0000000008003f96        0xa zephyr/lib/libc/picolibc/liblib__libc__picolibc.a(libc-hooks.c.obj)
 .text.stm32_exti_init
                0x0000000008003fa0       0x92 zephyr/drivers/interrupt_controller/libdrivers__interrupt_controller.a(intc_exti_stm32.c.obj)
 .text.stm32_exti_disable
                0x0000000008004032       0x1a zephyr/drivers/interrupt_controller/libdrivers__interrupt_controller.a(intc_exti_stm32.c.obj)
                0x0000000008004032                stm32_exti_disable
 .text.stm32_exti_trigger
                0x000000000800404c       0x64 zephyr/drivers/interrupt_controller/libdrivers__interrupt_controller.a(intc_exti_stm32.c.obj)
                0x000000000800404c                stm32_exti_trigger
 .text.stm32_clock_control_on
                0x00000000080040b0       0x38 zephyr/drivers/clock_control/libdrivers__clock_control.a(clock_stm32_ll_h7.c.obj)
 .text.stm32_clock_control_off
                0x00000000080040e8       0x26 zephyr/drivers/clock_control/libdrivers__clock_control.a(clock_stm32_ll_h7.c.obj)
 .text.stm32_clock_control_configure
                0x000000000800410e       0x56 zephyr/drivers/clock_control/libdrivers__clock_control.a(clock_stm32_ll_h7.c.obj)
 .text.gpio_stm32_port_get_raw
                0x0000000008004164        0xc zephyr/drivers/gpio/libdrivers__gpio.a(gpio_stm32.c.obj)
 .text.gpio_stm32_port_set_masked_raw
                0x0000000008004170       0x12 zephyr/drivers/gpio/libdrivers__gpio.a(gpio_stm32.c.obj)
 .text.gpio_stm32_port_set_bits_raw
                0x0000000008004182        0xa zephyr/drivers/gpio/libdrivers__gpio.a(gpio_stm32.c.obj)
 .text.gpio_stm32_port_clear_bits_raw
                0x000000000800418c        0xc zephyr/drivers/gpio/libdrivers__gpio.a(gpio_stm32.c.obj)
 .text.gpio_stm32_port_toggle_bits
                0x0000000008004198        0xe zephyr/drivers/gpio/libdrivers__gpio.a(gpio_stm32.c.obj)
 .text.gpio_stm32_manage_callback
                0x00000000080041a6       0x52 zephyr/drivers/gpio/libdrivers__gpio.a(gpio_stm32.c.obj)
 .text.gpio_stm32_configure_raw.isra.0
                0x00000000080041f8       0xa0 zephyr/drivers/gpio/libdrivers__gpio.a(gpio_stm32.c.obj)
 .text.gpio_stm32_config
                0x0000000008004298       0x78 zephyr/drivers/gpio/libdrivers__gpio.a(gpio_stm32.c.obj)
 .text.gpio_stm32_isr
                0x0000000008004310       0x2e zephyr/drivers/gpio/libdrivers__gpio.a(gpio_stm32.c.obj)
 .text.gpio_stm32_configure
                0x000000000800433e       0x30 zephyr/drivers/gpio/libdrivers__gpio.a(gpio_stm32.c.obj)
                0x000000000800433e                gpio_stm32_configure
 .text.pinctrl_lookup_state
                0x000000000800436e       0x26 zephyr/drivers/pinctrl/libdrivers__pinctrl.a(common.c.obj)
                0x000000000800436e                pinctrl_lookup_state
 .text.reset_stm32_status
                0x0000000008004394       0x22 zephyr/drivers/reset/libdrivers__reset.a(reset_stm32.c.obj)
 .text.reset_stm32_line_assert
                0x00000000080043b6       0x1c zephyr/drivers/reset/libdrivers__reset.a(reset_stm32.c.obj)
 .text.reset_stm32_line_deassert
                0x00000000080043d2       0x1e zephyr/drivers/reset/libdrivers__reset.a(reset_stm32.c.obj)
 .text.reset_stm32_line_toggle
                0x00000000080043f0       0x16 zephyr/drivers/reset/libdrivers__reset.a(reset_stm32.c.obj)
 .text.uart_stm32_ll2cfg_databits
                0x0000000008004406       0x2a zephyr/drivers/serial/libdrivers__serial.a(uart_stm32.c.obj)
 .text.uart_stm32_err_check
                0x0000000008004430       0x5a zephyr/drivers/serial/libdrivers__serial.a(uart_stm32.c.obj)
 .text.uart_stm32_set_baudrate
                0x000000000800448a       0x38 zephyr/drivers/serial/libdrivers__serial.a(uart_stm32.c.obj)
 .text.uart_stm32_poll_out
                0x00000000080044c2       0x36 zephyr/drivers/serial/libdrivers__serial.a(uart_stm32.c.obj)
 .text.uart_stm32_poll_in
                0x00000000080044f8       0x22 zephyr/drivers/serial/libdrivers__serial.a(uart_stm32.c.obj)
 .text.uart_stm32_config_get
                0x000000000800451a       0x92 zephyr/drivers/serial/libdrivers__serial.a(uart_stm32.c.obj)
 .text.z_device_state_init
                0x00000000080045ac        0x2 zephyr/kernel/libkernel.a(device.c.obj)
                0x00000000080045ac                z_device_state_init
 .text.z_impl_device_is_ready
                0x00000000080045ae       0x16 zephyr/kernel/libkernel.a(device.c.obj)
                0x00000000080045ae                z_impl_device_is_ready
 .text.arch_system_halt
                0x00000000080045c4       0x10 zephyr/kernel/libkernel.a(fatal.c.obj)
                0x00000000080045c4                arch_system_halt
 .text.k_sys_fatal_error_handler
                0x00000000080045d4        0x6 zephyr/kernel/libkernel.a(fatal.c.obj)
                0x00000000080045d4                k_sys_fatal_error_handler
 .text.do_device_init
                0x00000000080045da       0x30 zephyr/kernel/libkernel.a(init.c.obj)
 .text.z_early_memset
                0x000000000800460a        0x4 zephyr/kernel/libkernel.a(init.c.obj)
                0x000000000800460a                z_early_memset
 .text.z_early_memcpy
                0x000000000800460e        0x4 zephyr/kernel/libkernel.a(init.c.obj)
                0x000000000800460e                z_early_memcpy
 .text.z_init_static
                0x0000000008004612        0x2 zephyr/kernel/libkernel.a(init_static.c.obj)
                0x0000000008004612                z_init_static
 .text.idle     0x0000000008004614       0x16 zephyr/kernel/libkernel.a(idle.c.obj)
                0x0000000008004614                idle
 .text.z_impl_k_thread_start
                0x000000000800462a        0x4 zephyr/kernel/libkernel.a(thread.c.obj)
                0x000000000800462a                z_impl_k_thread_start
 .text.sys_dlist_remove
                0x000000000800462e       0x10 zephyr/kernel/libkernel.a(sched.c.obj)
 .text.unpend_thread_no_timeout
                0x000000000800463e       0x14 zephyr/kernel/libkernel.a(sched.c.obj)
 .text.z_ready_thread
                0x0000000008004652       0x1e zephyr/kernel/libkernel.a(sched.c.obj)
                0x0000000008004652                z_ready_thread
 .text.z_impl_k_thread_suspend
                0x0000000008004670       0x32 zephyr/kernel/libkernel.a(sched.c.obj)
                0x0000000008004670                z_impl_k_thread_suspend
 .text.z_sched_wake_thread
                0x00000000080046a2       0x42 zephyr/kernel/libkernel.a(sched.c.obj)
                0x00000000080046a2                z_sched_wake_thread
 .text.z_thread_timeout
                0x00000000080046e4        0x8 zephyr/kernel/libkernel.a(sched.c.obj)
                0x00000000080046e4                z_thread_timeout
 .text.z_thread_abort
                0x00000000080046ec       0x44 zephyr/kernel/libkernel.a(sched.c.obj)
                0x00000000080046ec                z_thread_abort
 .text.z_abort_timeout
                0x0000000008004730       0x2a zephyr/kernel/libkernel.a(timeout.c.obj)
                0x0000000008004730                z_abort_timeout
 .text.sys_clock_tick_get_32
                0x000000000800475a        0x8 zephyr/kernel/libkernel.a(timeout.c.obj)
                0x000000000800475a                sys_clock_tick_get_32
 .text.strnlen  0x0000000008004762       0x18 /home/frese/.local/opt/zephyr-sdk-0.16.1/arm-zephyr-eabi/bin/../lib/gcc/../../picolibc/arm-zephyr-eabi/lib/thumb/v7e-m/nofp/libc.a(libc_string_strnlen.c.o)
                0x0000000008004762                strnlen
 .text.__ultoa_invert
                0x000000000800477a       0x58 /home/frese/.local/opt/zephyr-sdk-0.16.1/arm-zephyr-eabi/bin/../lib/gcc/../../picolibc/arm-zephyr-eabi/lib/thumb/v7e-m/nofp/libc.a(libc_tinystdio_vfprintf.c.o)
 .text.mulShiftAll64
                0x00000000080047d2      0x176 /home/frese/.local/opt/zephyr-sdk-0.16.1/arm-zephyr-eabi/bin/../lib/gcc/../../picolibc/arm-zephyr-eabi/lib/thumb/v7e-m/nofp/libc.a(libc_tinystdio_dtoa_ryu.c.o)
 .text.__umul128
                0x0000000008004948       0x36 /home/frese/.local/opt/zephyr-sdk-0.16.1/arm-zephyr-eabi/bin/../lib/gcc/../../picolibc/arm-zephyr-eabi/lib/thumb/v7e-m/nofp/libc.a(libc_tinystdio_ryu_umul128.c.o)
                0x0000000008004948                __umul128
 .text.__shiftright128
                0x000000000800497e       0x3e /home/frese/.local/opt/zephyr-sdk-0.16.1/arm-zephyr-eabi/bin/../lib/gcc/../../picolibc/arm-zephyr-eabi/lib/thumb/v7e-m/nofp/libc.a(libc_tinystdio_ryu_umul128.c.o)
                0x000000000800497e                __shiftright128
 .text.memcpy   0x00000000080049bc       0x1c /home/frese/.local/opt/zephyr-sdk-0.16.1/arm-zephyr-eabi/bin/../lib/gcc/../../picolibc/arm-zephyr-eabi/lib/thumb/v7e-m/nofp/libc.a(memcpy.c.o)
                0x00000000080049bc                memcpy
                0x00000000080049bc                __aeabi_memcpy
                0x00000000080049bc                __aeabi_memcpy4
                0x00000000080049bc                __aeabi_memcpy8
 .text.memset   0x00000000080049d8       0x10 /home/frese/.local/opt/zephyr-sdk-0.16.1/arm-zephyr-eabi/bin/../lib/gcc/../../picolibc/arm-zephyr-eabi/lib/thumb/v7e-m/nofp/libc.a(memset.c.o)
                0x00000000080049d8                memset
 *(SORT_BY_ALIGNMENT(.TEXT.*))
 .TEXT.__aeabi_read_tp
                0x00000000080049e8        0xc zephyr/arch/arch/arm/core/cortex_m/libarch__arm__core__cortex_m.a(__aeabi_read_tp.S.obj)
                0x00000000080049e8                __aeabi_read_tp
 *(SORT_BY_ALIGNMENT(.gnu.linkonce.t.*))
 *(SORT_BY_ALIGNMENT(.glue_7t))
 .glue_7t       0x00000000080049f4        0x0 linker stubs
 *(SORT_BY_ALIGNMENT(.glue_7))
 .glue_7        0x00000000080049f4        0x0 linker stubs
 *(SORT_BY_ALIGNMENT(.vfp11_veneer))
 .vfp11_veneer  0x00000000080049f4        0x0 linker stubs
 *(SORT_BY_ALIGNMENT(.v4_bx))
 .v4_bx         0x00000000080049f4        0x0 linker stubs
                0x00000000080049f4                . = ALIGN (0x4)
                0x00000000080049f4                __text_region_end = .

.ARM.exidx      0x00000000080049f4        0x8
                0x00000000080049f4                __exidx_start = .
 *(SORT_BY_ALIGNMENT(.ARM.exidx*) SORT_BY_ALIGNMENT(gnu.linkonce.armexidx.*))
 .ARM.exidx     0x00000000080049f4        0x8 /home/frese/.local/opt/zephyr-sdk-0.16.1/arm-zephyr-eabi/bin/../lib/gcc/arm-zephyr-eabi/12.2.0/thumb/v7e-m/nofp/libgcc.a(_udivmoddi4.o)
                0x00000000080049fc                __exidx_end = .
                0x00000000080049fc                __rodata_region_start = .

initlevel       0x00000000080049fc       0xa8
                0x00000000080049fc                __init_start = .
                0x00000000080049fc                __init_EARLY_start = .
 *(SORT_BY_NAME(SORT_BY_ALIGNMENT(.z_init_EARLY?_*)))
 *(SORT_BY_NAME(SORT_BY_ALIGNMENT(.z_init_EARLY??_*)))
                0x00000000080049fc                __init_PRE_KERNEL_1_start = .
 *(SORT_BY_NAME(SORT_BY_ALIGNMENT(.z_init_PRE_KERNEL_1?_*)))
 .z_init_PRE_KERNEL_10_0_
                0x00000000080049fc        0x8 zephyr/libzephyr.a(soc_m7.c.obj)
 .z_init_PRE_KERNEL_11_00009_
                0x0000000008004a04        0x8 zephyr/drivers/clock_control/libdrivers__clock_control.a(clock_stm32_ll_h7.c.obj)
 .z_init_PRE_KERNEL_11_0_
                0x0000000008004a0c        0x8 zephyr/libzephyr.a(soc_config.c.obj)
 *(SORT_BY_NAME(SORT_BY_ALIGNMENT(.z_init_PRE_KERNEL_1??_*)))
 .z_init_PRE_KERNEL_135_00052_
                0x0000000008004a14        0x8 zephyr/drivers/reset/libdrivers__reset.a(reset_stm32.c.obj)
 .z_init_PRE_KERNEL_140_00043_
                0x0000000008004a1c        0x8 zephyr/drivers/gpio/libdrivers__gpio.a(gpio_stm32.c.obj)
 .z_init_PRE_KERNEL_140_00046_
                0x0000000008004a24        0x8 zephyr/drivers/gpio/libdrivers__gpio.a(gpio_stm32.c.obj)
 .z_init_PRE_KERNEL_140_00047_
                0x0000000008004a2c        0x8 zephyr/drivers/gpio/libdrivers__gpio.a(gpio_stm32.c.obj)
 .z_init_PRE_KERNEL_140_00076_
                0x0000000008004a34        0x8 zephyr/drivers/interrupt_controller/libdrivers__interrupt_controller.a(intc_exti_stm32.c.obj)
 .z_init_PRE_KERNEL_140_00101_
                0x0000000008004a3c        0x8 zephyr/drivers/gpio/libdrivers__gpio.a(gpio_stm32.c.obj)
 .z_init_PRE_KERNEL_140_00133_
                0x0000000008004a44        0x8 zephyr/drivers/gpio/libdrivers__gpio.a(gpio_stm32.c.obj)
 .z_init_PRE_KERNEL_140_00134_
                0x0000000008004a4c        0x8 zephyr/drivers/gpio/libdrivers__gpio.a(gpio_stm32.c.obj)
 .z_init_PRE_KERNEL_140_00135_
                0x0000000008004a54        0x8 zephyr/drivers/gpio/libdrivers__gpio.a(gpio_stm32.c.obj)
 .z_init_PRE_KERNEL_140_00136_
                0x0000000008004a5c        0x8 zephyr/drivers/gpio/libdrivers__gpio.a(gpio_stm32.c.obj)
 .z_init_PRE_KERNEL_140_00137_
                0x0000000008004a64        0x8 zephyr/drivers/gpio/libdrivers__gpio.a(gpio_stm32.c.obj)
 .z_init_PRE_KERNEL_140_00138_
                0x0000000008004a6c        0x8 zephyr/drivers/gpio/libdrivers__gpio.a(gpio_stm32.c.obj)
 .z_init_PRE_KERNEL_140_00139_
                0x0000000008004a74        0x8 zephyr/drivers/gpio/libdrivers__gpio.a(gpio_stm32.c.obj)
 .z_init_PRE_KERNEL_150_00086_
                0x0000000008004a7c        0x8 zephyr/drivers/serial/libdrivers__serial.a(uart_stm32.c.obj)
 .z_init_PRE_KERNEL_150_00089_
                0x0000000008004a84        0x8 zephyr/drivers/serial/libdrivers__serial.a(uart_stm32.c.obj)
 .z_init_PRE_KERNEL_160_0_
                0x0000000008004a8c        0x8 zephyr/drivers/console/libdrivers__console.a(uart_console.c.obj)
                0x0000000008004a94                __init_PRE_KERNEL_2_start = .
 *(SORT_BY_NAME(SORT_BY_ALIGNMENT(.z_init_PRE_KERNEL_2?_*)))
 .z_init_PRE_KERNEL_20_0_
                0x0000000008004a94        0x8 zephyr/drivers/timer/libdrivers__timer.a(cortex_m_systick.c.obj)
 *(SORT_BY_NAME(SORT_BY_ALIGNMENT(.z_init_PRE_KERNEL_2??_*)))
                0x0000000008004a9c                __init_POST_KERNEL_start = .
 *(SORT_BY_NAME(SORT_BY_ALIGNMENT(.z_init_POST_KERNEL?_*)))
 *(SORT_BY_NAME(SORT_BY_ALIGNMENT(.z_init_POST_KERNEL??_*)))
 .z_init_POST_KERNEL35_0_
                0x0000000008004a9c        0x8 zephyr/lib/libc/common/liblib__libc__common.a(malloc.c.obj)
                0x0000000008004aa4                __init_APPLICATION_start = .
 *(SORT_BY_NAME(SORT_BY_ALIGNMENT(.z_init_APPLICATION?_*)))
 *(SORT_BY_NAME(SORT_BY_ALIGNMENT(.z_init_APPLICATION??_*)))
                0x0000000008004aa4                __init_SMP_start = .
 *(SORT_BY_NAME(SORT_BY_ALIGNMENT(.z_init_SMP?_*)))
 *(SORT_BY_NAME(SORT_BY_ALIGNMENT(.z_init_SMP??_*)))
                0x0000000008004aa4                __init_end = .
                0x0000000008004aa4                __deferred_init_list_start = .
 *(SORT_BY_ALIGNMENT(.z_deferred_init*))
                0x0000000008004aa4                __deferred_init_list_end = .

device_area     0x0000000008004aa4      0x140
                0x0000000008004aa4                _device_list_start = .
 *(SORT_BY_NAME(SORT_BY_ALIGNMENT(._device.static.*_?_*)))
 ._device.static.1_1_
                0x0000000008004aa4       0x14 zephyr/drivers/clock_control/libdrivers__clock_control.a(clock_stm32_ll_h7.c.obj)
                0x0000000008004aa4                __device_dts_ord_9
 *(SORT_BY_NAME(SORT_BY_ALIGNMENT(._device.static.*_??_*)))
 ._device.static.1_35_
                0x0000000008004ab8       0x14 zephyr/drivers/reset/libdrivers__reset.a(reset_stm32.c.obj)
                0x0000000008004ab8                __device_dts_ord_52
 ._device.static.1_40_
                0x0000000008004acc       0x14 zephyr/drivers/interrupt_controller/libdrivers__interrupt_controller.a(intc_exti_stm32.c.obj)
                0x0000000008004acc                __device_dts_ord_76
 ._device.static.1_40_
                0x0000000008004ae0       0xdc zephyr/drivers/gpio/libdrivers__gpio.a(gpio_stm32.c.obj)
                0x0000000008004ae0                __device_dts_ord_139
                0x0000000008004af4                __device_dts_ord_138
                0x0000000008004b08                __device_dts_ord_137
                0x0000000008004b1c                __device_dts_ord_136
                0x0000000008004b30                __device_dts_ord_135
                0x0000000008004b44                __device_dts_ord_134
                0x0000000008004b58                __device_dts_ord_47
                0x0000000008004b6c                __device_dts_ord_101
                0x0000000008004b80                __device_dts_ord_43
                0x0000000008004b94                __device_dts_ord_46
                0x0000000008004ba8                __device_dts_ord_133
 ._device.static.1_50_
                0x0000000008004bbc       0x28 zephyr/drivers/serial/libdrivers__serial.a(uart_stm32.c.obj)
                0x0000000008004bbc                __device_dts_ord_89
                0x0000000008004bd0                __device_dts_ord_86
                0x0000000008004be4                _device_list_end = .

sw_isr_table    0x0000000008004be4      0x518
                0x0000000008004be4                . = ALIGN (0x4)
 *(SORT_BY_ALIGNMENT(.gnu.linkonce.sw_isr_table*))
 .gnu.linkonce.sw_isr_table
                0x0000000008004be4      0x518 zephyr/CMakeFiles/zephyr_final.dir/isr_tables.c.obj
                0x0000000008004be4                _sw_isr_table

initlevel_error
                0x00000000080049fc        0x0
 *(SORT_BY_NAME(SORT_BY_ALIGNMENT(.z_init_[_A-Z0-9]*)))
                0x0000000000000001                ASSERT ((SIZEOF (initlevel_error) == 0x0), Undefined initialization levels used.)

app_shmem_regions
                0x00000000080050fc        0x0
                0x00000000080050fc                __app_shmem_regions_start = .
 *(SORT_BY_NAME(SORT_BY_ALIGNMENT(.app_regions.*)))
                0x00000000080050fc                __app_shmem_regions_end = .

k_p4wq_initparam_area
                0x00000000080050fc        0x0
                0x00000000080050fc                _k_p4wq_initparam_list_start = .
 *(SORT_BY_NAME(SORT_BY_ALIGNMENT(._k_p4wq_initparam.static.*)))
                0x00000000080050fc                _k_p4wq_initparam_list_end = .

_static_thread_data_area
                0x00000000080050fc        0x0
                0x00000000080050fc                __static_thread_data_list_start = .
 *(SORT_BY_NAME(SORT_BY_ALIGNMENT(.__static_thread_data.static.*)))
                0x00000000080050fc                __static_thread_data_list_end = .

device_deps     0x00000000080050fc        0x0
                0x00000000080050fc                __device_deps_start = .
 *(SORT_BY_NAME(SORT_BY_ALIGNMENT(.__device_deps_pass2*)))
                0x00000000080050fc                __device_deps_end = .

ztest           0x00000000080050fc        0x0
                0x00000000080050fc                _ztest_expected_result_entry_list_start = .
 *(SORT_BY_NAME(SORT_BY_ALIGNMENT(._ztest_expected_result_entry.static.*)))
                0x00000000080050fc                _ztest_expected_result_entry_list_end = .
                0x00000000080050fc                _ztest_suite_node_list_start = .
 *(SORT_BY_NAME(SORT_BY_ALIGNMENT(._ztest_suite_node.static.*)))
                0x00000000080050fc                _ztest_suite_node_list_end = .
                0x00000000080050fc                _ztest_unit_test_list_start = .
 *(SORT_BY_NAME(SORT_BY_ALIGNMENT(._ztest_unit_test.static.*)))
                0x00000000080050fc                _ztest_unit_test_list_end = .
                0x00000000080050fc                _ztest_test_rule_list_start = .
 *(SORT_BY_NAME(SORT_BY_ALIGNMENT(._ztest_test_rule.static.*)))
                0x00000000080050fc                _ztest_test_rule_list_end = .

init_array      0x00000000080050fc        0x0
 *(SORT_BY_NAME(SORT_BY_ALIGNMENT(.ctors*)))
 *(SORT_BY_NAME(SORT_BY_ALIGNMENT(.init_array*)))
                0x0000000000000001                ASSERT ((SIZEOF (init_array) == 0x0), GNU-style constructors required but STATIC_INIT_GNU not enabled)

bt_l2cap_fixed_chan_area
                0x00000000080050fc        0x0
                0x00000000080050fc                _bt_l2cap_fixed_chan_list_start = .
 *(SORT_BY_NAME(SORT_BY_ALIGNMENT(._bt_l2cap_fixed_chan.static.*)))
                0x00000000080050fc                _bt_l2cap_fixed_chan_list_end = .

bt_gatt_service_static_area
                0x00000000080050fc        0x0
                0x00000000080050fc                _bt_gatt_service_static_list_start = .
 *(SORT_BY_NAME(SORT_BY_ALIGNMENT(._bt_gatt_service_static.static.*)))
                0x00000000080050fc                _bt_gatt_service_static_list_end = .

log_strings_area
                0x00000000080050fc        0x0
                0x00000000080050fc                _log_strings_list_start = .
 *(SORT_BY_NAME(SORT_BY_ALIGNMENT(._log_strings.static.*)))
                0x00000000080050fc                _log_strings_list_end = .

log_const_area  0x00000000080050fc        0x0
                0x00000000080050fc                _log_const_list_start = .
 *(SORT_BY_NAME(SORT_BY_ALIGNMENT(._log_const.static.*)))
                0x00000000080050fc                _log_const_list_end = .

log_backend_area
                0x00000000080050fc        0x0
                0x00000000080050fc                _log_backend_list_start = .
 *(SORT_BY_NAME(SORT_BY_ALIGNMENT(._log_backend.static.*)))
                0x00000000080050fc                _log_backend_list_end = .

log_link_area   0x00000000080050fc        0x0
                0x00000000080050fc                _log_link_list_start = .
 *(SORT_BY_NAME(SORT_BY_ALIGNMENT(._log_link.static.*)))
                0x00000000080050fc                _log_link_list_end = .

tracing_backend_area
                0x00000000080050fc        0x0
                0x00000000080050fc                _tracing_backend_list_start = .
 *(SORT_BY_NAME(SORT_BY_ALIGNMENT(._tracing_backend.static.*)))
                0x00000000080050fc                _tracing_backend_list_end = .

zephyr_dbg_info
 *(SORT_BY_ALIGNMENT(.dbg_thread_info))

intc_table_area
                0x00000000080050fc        0x0
                0x00000000080050fc                _intc_table_list_start = .
 *(SORT_BY_NAME(SORT_BY_ALIGNMENT(._intc_table.static.*)))
                0x00000000080050fc                _intc_table_list_end = .

symbol_to_keep  0x00000000080050fc        0x0
                0x00000000080050fc                __symbol_to_keep_start = .
 *(SORT_BY_NAME(SORT_BY_ALIGNMENT(.symbol_to_keep*)))
                0x00000000080050fc                __symbol_to_keep_end = .

shell_area      0x00000000080050fc        0x0
                0x00000000080050fc                _shell_list_start = .
 *(SORT_BY_NAME(SORT_BY_ALIGNMENT(._shell.static.*)))
                0x00000000080050fc                _shell_list_end = .

shell_root_cmds_area
                0x00000000080050fc        0x0
                0x00000000080050fc                _shell_root_cmds_list_start = .
 *(SORT_BY_NAME(SORT_BY_ALIGNMENT(._shell_root_cmds.static.*)))
                0x00000000080050fc                _shell_root_cmds_list_end = .

shell_subcmds_area
                0x00000000080050fc        0x0
                0x00000000080050fc                _shell_subcmds_list_start = .
 *(SORT_BY_NAME(SORT_BY_ALIGNMENT(._shell_subcmds.static.*)))
                0x00000000080050fc                _shell_subcmds_list_end = .

shell_dynamic_subcmds_area
                0x00000000080050fc        0x0
                0x00000000080050fc                _shell_dynamic_subcmds_list_start = .
 *(SORT_BY_NAME(SORT_BY_ALIGNMENT(._shell_dynamic_subcmds.static.*)))
                0x00000000080050fc                _shell_dynamic_subcmds_list_end = .

cfb_font_area   0x00000000080050fc        0x0
                0x00000000080050fc                _cfb_font_list_start = .
 *(SORT_BY_NAME(SORT_BY_ALIGNMENT(._cfb_font.static.*)))
                0x00000000080050fc                _cfb_font_list_end = .

tdata           0x00000000080050fc        0x0
 *(SORT_BY_ALIGNMENT(.tdata) SORT_BY_ALIGNMENT(.tdata.*) SORT_BY_ALIGNMENT(.gnu.linkonce.td.*))

tbss            0x00000000080050fc        0x4
 *(SORT_BY_ALIGNMENT(.tbss) SORT_BY_ALIGNMENT(.tbss.*) SORT_BY_ALIGNMENT(.gnu.linkonce.tb.*) SORT_BY_ALIGNMENT(.tcommon))
 .tbss.z_tls_current
                0x00000000080050fc        0x4 zephyr/libzephyr.a(thread_entry.c.obj)
                0x00000000080050fc                z_tls_current
                0x00000000080050fc                PROVIDE (__tdata_start = LOADADDR (tdata))
                0x0000000000000001                PROVIDE (__tdata_align = ALIGNOF (tdata))
                0x0000000000000000                PROVIDE (__tdata_size = (((SIZEOF (tdata) + __tdata_align) - 0x1) & ~ ((__tdata_align - 0x1))))
                [!provide]                        PROVIDE (__tdata_end = (__tdata_start + __tdata_size))
                0x0000000000000004                PROVIDE (__tbss_align = ALIGNOF (tbss))
                [!provide]                        PROVIDE (__tbss_start = ADDR (tbss))
                0x0000000000000004                PROVIDE (__tbss_size = (((SIZEOF (tbss) + __tbss_align) - 0x1) & ~ ((__tbss_align - 0x1))))
                [!provide]                        PROVIDE (__tbss_end = (__tbss_start + __tbss_size))
                [!provide]                        PROVIDE (__tls_start = __tdata_start)
                [!provide]                        PROVIDE (__tls_end = __tbss_end)
                [!provide]                        PROVIDE (__tls_size = (__tbss_end - __tdata_start))

rodata          0x0000000008005100      0x788
 *(SORT_BY_ALIGNMENT(.rodata))
 .rodata        0x0000000008005100        0x8 zephyr/drivers/gpio/libdrivers__gpio.a(gpio_stm32.c.obj)
 *(SORT_BY_ALIGNMENT(.rodata.*))
 .rodata.DOUBLE_POW5_TABLE
                0x0000000008005108       0xd0 /home/frese/.local/opt/zephyr-sdk-0.16.1/arm-zephyr-eabi/bin/../lib/gcc/../../picolibc/arm-zephyr-eabi/lib/thumb/v7e-m/nofp/libc.a(libc_tinystdio_ryu_table.c.o)
 .rodata.DOUBLE_POW5_SPLIT2
                0x00000000080051d8       0xd0 /home/frese/.local/opt/zephyr-sdk-0.16.1/arm-zephyr-eabi/bin/../lib/gcc/../../picolibc/arm-zephyr-eabi/lib/thumb/v7e-m/nofp/libc.a(libc_tinystdio_ryu_table.c.o)
 .rodata.DOUBLE_POW5_INV_SPLIT2
                0x00000000080052a8       0xf0 /home/frese/.local/opt/zephyr-sdk-0.16.1/arm-zephyr-eabi/bin/../lib/gcc/../../picolibc/arm-zephyr-eabi/lib/thumb/v7e-m/nofp/libc.a(libc_tinystdio_ryu_table.c.o)
 .rodata.mpu_config
                0x0000000008005398        0x8 zephyr/libzephyr.a(mpu_regions.c.obj)
                0x0000000008005398                mpu_config
 .rodata.mpu_regions
                0x00000000080053a0       0x3c zephyr/libzephyr.a(mpu_regions.c.obj)
 .rodata.mem_attr_region
                0x00000000080053dc       0x10 zephyr/libzephyr.a(mem_attr.c.obj)
 .rodata.static_regions
                0x00000000080053ec        0xc zephyr/arch/arch/arm/core/mpu/libarch__arm__core__mpu.a(arm_core_mpu.c.obj)
 .rodata.stdout
                0x00000000080053f8        0x4 zephyr/lib/libc/picolibc/liblib__libc__picolibc.a(libc-hooks.c.obj)
                0x00000000080053f8                stdout
                0x00000000080053f8                stderr
 .rodata.stm32_clock_control_api
                0x00000000080053fc       0x1c zephyr/drivers/clock_control/libdrivers__clock_control.a(clock_stm32_ll_h7.c.obj)
 .rodata.gpio_stm32_cfg_k
                0x0000000008005418       0x14 zephyr/drivers/gpio/libdrivers__gpio.a(gpio_stm32.c.obj)
 .rodata.gpio_stm32_cfg_j
                0x000000000800542c       0x14 zephyr/drivers/gpio/libdrivers__gpio.a(gpio_stm32.c.obj)
 .rodata.gpio_stm32_cfg_i
                0x0000000008005440       0x14 zephyr/drivers/gpio/libdrivers__gpio.a(gpio_stm32.c.obj)
 .rodata.gpio_stm32_cfg_h
                0x0000000008005454       0x14 zephyr/drivers/gpio/libdrivers__gpio.a(gpio_stm32.c.obj)
 .rodata.gpio_stm32_cfg_g
                0x0000000008005468       0x14 zephyr/drivers/gpio/libdrivers__gpio.a(gpio_stm32.c.obj)
 .rodata.gpio_stm32_cfg_f
                0x000000000800547c       0x14 zephyr/drivers/gpio/libdrivers__gpio.a(gpio_stm32.c.obj)
 .rodata.gpio_stm32_cfg_e
                0x0000000008005490       0x14 zephyr/drivers/gpio/libdrivers__gpio.a(gpio_stm32.c.obj)
 .rodata.gpio_stm32_cfg_d
                0x00000000080054a4       0x14 zephyr/drivers/gpio/libdrivers__gpio.a(gpio_stm32.c.obj)
 .rodata.gpio_stm32_cfg_c
                0x00000000080054b8       0x14 zephyr/drivers/gpio/libdrivers__gpio.a(gpio_stm32.c.obj)
 .rodata.gpio_stm32_cfg_b
                0x00000000080054cc       0x14 zephyr/drivers/gpio/libdrivers__gpio.a(gpio_stm32.c.obj)
 .rodata.gpio_stm32_cfg_a
                0x00000000080054e0       0x14 zephyr/drivers/gpio/libdrivers__gpio.a(gpio_stm32.c.obj)
 .rodata.gpio_stm32_driver
                0x00000000080054f4       0x24 zephyr/drivers/gpio/libdrivers__gpio.a(gpio_stm32.c.obj)
 .rodata.gpio_ports
                0x0000000008005518       0x40 zephyr/drivers/pinctrl/libdrivers__pinctrl.a(pinctrl_stm32.c.obj)
 .rodata.reset_stm32_config
                0x0000000008005558        0x4 zephyr/drivers/reset/libdrivers__reset.a(reset_stm32.c.obj)
 .rodata.reset_stm32_driver_api
                0x000000000800555c       0x10 zephyr/drivers/reset/libdrivers__reset.a(reset_stm32.c.obj)
 .rodata.uart_stm32_cfg_1
                0x000000000800556c       0x24 zephyr/drivers/serial/libdrivers__serial.a(uart_stm32.c.obj)
 .rodata.pclken_1
                0x0000000008005590        0x8 zephyr/drivers/serial/libdrivers__serial.a(uart_stm32.c.obj)
 .rodata.__pinctrl_dev_config__device_dts_ord_89
                0x0000000008005598        0x8 zephyr/drivers/serial/libdrivers__serial.a(uart_stm32.c.obj)
 .rodata.__pinctrl_states__device_dts_ord_89
                0x00000000080055a0        0x8 zephyr/drivers/serial/libdrivers__serial.a(uart_stm32.c.obj)
 .rodata.__pinctrl_state_pins_0__device_dts_ord_89
                0x00000000080055a8       0x10 zephyr/drivers/serial/libdrivers__serial.a(uart_stm32.c.obj)
 .rodata.uart_stm32_cfg_0
                0x00000000080055b8       0x24 zephyr/drivers/serial/libdrivers__serial.a(uart_stm32.c.obj)
 .rodata.pclken_0
                0x00000000080055dc        0x8 zephyr/drivers/serial/libdrivers__serial.a(uart_stm32.c.obj)
 .rodata.__pinctrl_dev_config__device_dts_ord_86
                0x00000000080055e4        0x8 zephyr/drivers/serial/libdrivers__serial.a(uart_stm32.c.obj)
 .rodata.__pinctrl_states__device_dts_ord_86
                0x00000000080055ec        0x8 zephyr/drivers/serial/libdrivers__serial.a(uart_stm32.c.obj)
 .rodata.__pinctrl_state_pins_0__device_dts_ord_86
                0x00000000080055f4       0x10 zephyr/drivers/serial/libdrivers__serial.a(uart_stm32.c.obj)
 .rodata.uart_stm32_driver_api
                0x0000000008005604       0x14 zephyr/drivers/serial/libdrivers__serial.a(uart_stm32.c.obj)
 .rodata.levels.0
                0x0000000008005618       0x18 zephyr/kernel/libkernel.a(init.c.obj)
 .rodata.POW5_OFFSETS
                0x0000000008005630       0x54 /home/frese/.local/opt/zephyr-sdk-0.16.1/arm-zephyr-eabi/bin/../lib/gcc/../../picolibc/arm-zephyr-eabi/lib/thumb/v7e-m/nofp/libc.a(libc_tinystdio_ryu_table.c.o)
 .rodata.POW5_INV_OFFSETS
                0x0000000008005684       0x54 /home/frese/.local/opt/zephyr-sdk-0.16.1/arm-zephyr-eabi/bin/../lib/gcc/../../picolibc/arm-zephyr-eabi/lib/thumb/v7e-m/nofp/libc.a(libc_tinystdio_ryu_table.c.o)
 .rodata.CSWTCH.87
                0x00000000080056d8        0x6 zephyr/drivers/serial/libdrivers__serial.a(uart_stm32.c.obj)
 .rodata.main.str1.1
                0x00000000080056de       0x16 app/libapp.a(main.c.obj)
 .rodata.str1.1
                0x00000000080056f4       0x2f zephyr/libzephyr.a(mpu_regions.c.obj)
 .rodata.str1.1
                0x0000000008005723       0x10 zephyr/libzephyr.a(mem_attr.c.obj)
 .rodata.line_range_6.0
                0x0000000008005733        0x2 zephyr/drivers/interrupt_controller/libdrivers__interrupt_controller.a(intc_exti_stm32.c.obj)
 .rodata.line_range_5.1
                0x0000000008005735        0x2 zephyr/drivers/interrupt_controller/libdrivers__interrupt_controller.a(intc_exti_stm32.c.obj)
 .rodata.line_range_4.2
                0x0000000008005737        0x2 zephyr/drivers/interrupt_controller/libdrivers__interrupt_controller.a(intc_exti_stm32.c.obj)
 .rodata.line_range_3.3
                0x0000000008005739        0x2 zephyr/drivers/interrupt_controller/libdrivers__interrupt_controller.a(intc_exti_stm32.c.obj)
 .rodata.line_range_2.4
                0x000000000800573b        0x2 zephyr/drivers/interrupt_controller/libdrivers__interrupt_controller.a(intc_exti_stm32.c.obj)
 .rodata.line_range_1.5
                0x000000000800573d        0x2 zephyr/drivers/interrupt_controller/libdrivers__interrupt_controller.a(intc_exti_stm32.c.obj)
 .rodata.line_range_0.6
                0x000000000800573f        0x2 zephyr/drivers/interrupt_controller/libdrivers__interrupt_controller.a(intc_exti_stm32.c.obj)
 .rodata.str1.1
                0x0000000008005741       0x1e zephyr/drivers/interrupt_controller/libdrivers__interrupt_controller.a(intc_exti_stm32.c.obj)
 .rodata.str1.1
                0x000000000800575f        0xd zephyr/drivers/clock_control/libdrivers__clock_control.a(clock_stm32_ll_h7.c.obj)
 .rodata.str1.1
                0x000000000800576c       0x9a zephyr/drivers/gpio/libdrivers__gpio.a(gpio_stm32.c.obj)
 .rodata.str1.1
                0x0000000008005806       0x11 zephyr/drivers/reset/libdrivers__reset.a(reset_stm32.c.obj)
 .rodata.str1.1
                0x0000000008005817       0x20 zephyr/drivers/serial/libdrivers__serial.a(uart_stm32.c.obj)
 .rodata.z_cstart.str1.1
                0x0000000008005837        0x5 zephyr/kernel/libkernel.a(init.c.obj)
 .rodata.boot_banner.str1.1
                0x000000000800583c       0x3a zephyr/kernel/libkernel.a(banner.c.obj)
 .rodata.vfprintf.str1.1
                0x0000000008005876        0xf /home/frese/.local/opt/zephyr-sdk-0.16.1/arm-zephyr-eabi/bin/../lib/gcc/../../picolibc/arm-zephyr-eabi/lib/thumb/v7e-m/nofp/libc.a(libc_tinystdio_vfprintf.c.o)
 *(SORT_BY_ALIGNMENT(.gnu.linkonce.r.*))
                0x0000000008005888                . = ALIGN (0x4)
 *fill*         0x0000000008005885        0x3 
                0x0000000008005888                __rodata_region_end = .
                0x00000000080058a0                . = ALIGN (_region_min_align)
                0x0000000008008000                . = ALIGN ((0x1 << LOG2CEIL ((__rodata_region_end - ADDR (rom_start)))))
                0x0000000008008000                __rom_region_end = ((__rom_region_start + .) - ADDR (rom_start))

/DISCARD/
 *(SORT_BY_ALIGNMENT(.got.plt))
 *(SORT_BY_ALIGNMENT(.igot.plt))
 *(SORT_BY_ALIGNMENT(.got))
 *(SORT_BY_ALIGNMENT(.igot))
                0x0000000024000000                . = 0x24000000
                0x0000000024000000                . = ALIGN (_region_min_align)
                0x0000000024000000                _image_ram_start = .

.ramfunc        0x0000000024000000        0x0 load address 0x0000000008005888
                0x0000000024000000                . = ALIGN (_region_min_align)
                0x0000000024000000                . = ALIGN ((0x1 << LOG2CEIL (__ramfunc_size)))
                0x0000000024000000                __ramfunc_start = .
 *(SORT_BY_ALIGNMENT(.ramfunc))
 *(SORT_BY_ALIGNMENT(.ramfunc.*))
                0x0000000024000000                . = ALIGN (_region_min_align)
                0x0000000024000000                . = ALIGN ((0x1 << LOG2CEIL (__ramfunc_size)))
                0x0000000024000000                __ramfunc_end = .
                0x0000000000000000                __ramfunc_size = (__ramfunc_end - __ramfunc_start)
                0x0000000008005888                __ramfunc_load_start = LOADADDR (.ramfunc)

datas           0x0000000024000000       0x64 load address 0x0000000008005888
                0x0000000024000000                __data_region_start = .
                0x0000000024000000                __data_start = .
 *(SORT_BY_ALIGNMENT(.data))
 *(SORT_BY_ALIGNMENT(.data.*))
 .data._char_out
                0x0000000024000000        0x4 zephyr/libzephyr.a(printk.c.obj)
 .data.handler  0x0000000024000004        0x4 zephyr/arch/arch/arm/core/libarch__arm__core.a(nmi.c.obj)
 .data.__stdout
                0x0000000024000008       0x10 zephyr/lib/libc/picolibc/liblib__libc__picolibc.a(libc-hooks.c.obj)
 .data.uart_stm32_data_1
                0x0000000024000018        0x8 zephyr/drivers/serial/libdrivers__serial.a(uart_stm32.c.obj)
 .data.uart_cfg_1
                0x0000000024000020        0x8 zephyr/drivers/serial/libdrivers__serial.a(uart_stm32.c.obj)
 .data.uart_stm32_data_0
                0x0000000024000028        0x8 zephyr/drivers/serial/libdrivers__serial.a(uart_stm32.c.obj)
 .data.uart_cfg_0
                0x0000000024000030        0x8 zephyr/drivers/serial/libdrivers__serial.a(uart_stm32.c.obj)
 .data.SystemCoreClock
                0x0000000024000038        0x4 modules/stm32/stm32cube/lib..__modules__hal__stm32__stm32cube.a(system_stm32h7xx.c.obj)
                0x0000000024000038                SystemCoreClock
 .data.timeout_list
                0x000000002400003c        0x8 zephyr/kernel/libkernel.a(timeout.c.obj)
 .data.exti_irq_table
                0x0000000024000044       0x20 zephyr/drivers/interrupt_controller/libdrivers__interrupt_controller.a(intc_exti_stm32.c.obj)
 *(SORT_BY_ALIGNMENT(.kernel.*))
                0x0000000024000064                __data_end = .
                0x0000000000000064                __data_size = (__data_end - __data_start)
                0x0000000008005888                __data_load_start = LOADADDR (datas)
                0x0000000008005888                __data_region_load_start = LOADADDR (datas)

device_states   0x0000000024000064       0x20 load address 0x00000000080058ec
                0x0000000024000064                __device_states_start = .
 *(SORT_BY_ALIGNMENT(.z_devstate))
 .z_devstate    0x0000000024000064        0x2 zephyr/drivers/interrupt_controller/libdrivers__interrupt_controller.a(intc_exti_stm32.c.obj)
 .z_devstate    0x0000000024000066        0x2 zephyr/drivers/clock_control/libdrivers__clock_control.a(clock_stm32_ll_h7.c.obj)
 .z_devstate    0x0000000024000068       0x16 zephyr/drivers/gpio/libdrivers__gpio.a(gpio_stm32.c.obj)
 .z_devstate    0x000000002400007e        0x2 zephyr/drivers/reset/libdrivers__reset.a(reset_stm32.c.obj)
 .z_devstate    0x0000000024000080        0x4 zephyr/drivers/serial/libdrivers__serial.a(uart_stm32.c.obj)
 *(SORT_BY_ALIGNMENT(.z_devstate.*))
                0x0000000024000084                __device_states_end = .

log_mpsc_pbuf_area
                0x0000000024000084        0x0 load address 0x000000000800590c
                0x0000000024000084                _log_mpsc_pbuf_list_start = .
 *(SORT_BY_NAME(SORT_BY_ALIGNMENT(._log_mpsc_pbuf.static.*)))
                0x0000000024000084                _log_mpsc_pbuf_list_end = .

log_msg_ptr_area
                0x0000000024000084        0x0 load address 0x000000000800590c
                0x0000000024000084                _log_msg_ptr_list_start = .
 *(SORT_BY_NAME(SORT_BY_ALIGNMENT(._log_msg_ptr.static.*)))
                0x0000000024000084                _log_msg_ptr_list_end = .

log_dynamic_area
                0x0000000024000084        0x0 load address 0x000000000800590c
                0x0000000024000084                _log_dynamic_list_start = .
 *(SORT_BY_NAME(SORT_BY_ALIGNMENT(._log_dynamic.static.*)))
                0x0000000024000084                _log_dynamic_list_end = .

k_timer_area    0x0000000024000084        0x0 load address 0x000000000800590c
                0x0000000024000084                _k_timer_list_start = .
 *(SORT_BY_NAME(SORT_BY_ALIGNMENT(._k_timer.static.*)))
                0x0000000024000084                _k_timer_list_end = .

k_mem_slab_area
                0x0000000024000084        0x0 load address 0x000000000800590c
                0x0000000024000084                _k_mem_slab_list_start = .
 *(SORT_BY_NAME(SORT_BY_ALIGNMENT(._k_mem_slab.static.*)))
                0x0000000024000084                _k_mem_slab_list_end = .

k_heap_area     0x0000000024000084        0x0 load address 0x000000000800590c
                0x0000000024000084                _k_heap_list_start = .
 *(SORT_BY_NAME(SORT_BY_ALIGNMENT(._k_heap.static.*)))
                0x0000000024000084                _k_heap_list_end = .

k_mutex_area    0x0000000024000084        0x0 load address 0x000000000800590c
                0x0000000024000084                _k_mutex_list_start = .
 *(SORT_BY_NAME(SORT_BY_ALIGNMENT(._k_mutex.static.*)))
                0x0000000024000084                _k_mutex_list_end = .

k_stack_area    0x0000000024000084        0x0 load address 0x000000000800590c
                0x0000000024000084                _k_stack_list_start = .
 *(SORT_BY_NAME(SORT_BY_ALIGNMENT(._k_stack.static.*)))
                0x0000000024000084                _k_stack_list_end = .

k_msgq_area     0x0000000024000084        0x0 load address 0x000000000800590c
                0x0000000024000084                _k_msgq_list_start = .
 *(SORT_BY_NAME(SORT_BY_ALIGNMENT(._k_msgq.static.*)))
                0x0000000024000084                _k_msgq_list_end = .

k_mbox_area     0x0000000024000084        0x0 load address 0x000000000800590c
                0x0000000024000084                _k_mbox_list_start = .
 *(SORT_BY_NAME(SORT_BY_ALIGNMENT(._k_mbox.static.*)))
                0x0000000024000084                _k_mbox_list_end = .

k_pipe_area     0x0000000024000084        0x0 load address 0x000000000800590c
                0x0000000024000084                _k_pipe_list_start = .
 *(SORT_BY_NAME(SORT_BY_ALIGNMENT(._k_pipe.static.*)))
                0x0000000024000084                _k_pipe_list_end = .

k_sem_area      0x0000000024000084        0x0 load address 0x000000000800590c
                0x0000000024000084                _k_sem_list_start = .
 *(SORT_BY_NAME(SORT_BY_ALIGNMENT(._k_sem.static.*)))
                0x0000000024000084                _k_sem_list_end = .

k_event_area    0x0000000024000084        0x0 load address 0x000000000800590c
                0x0000000024000084                _k_event_list_start = .
 *(SORT_BY_NAME(SORT_BY_ALIGNMENT(._k_event.static.*)))
                0x0000000024000084                _k_event_list_end = .

k_queue_area    0x0000000024000084        0x0 load address 0x000000000800590c
                0x0000000024000084                _k_queue_list_start = .
 *(SORT_BY_NAME(SORT_BY_ALIGNMENT(._k_queue.static.*)))
                0x0000000024000084                _k_queue_list_end = .

k_fifo_area     0x0000000024000084        0x0 load address 0x000000000800590c
                0x0000000024000084                _k_fifo_list_start = .
 *(SORT_BY_NAME(SORT_BY_ALIGNMENT(._k_fifo.static.*)))
                0x0000000024000084                _k_fifo_list_end = .

k_lifo_area     0x0000000024000084        0x0 load address 0x000000000800590c
                0x0000000024000084                _k_lifo_list_start = .
 *(SORT_BY_NAME(SORT_BY_ALIGNMENT(._k_lifo.static.*)))
                0x0000000024000084                _k_lifo_list_end = .

k_condvar_area  0x0000000024000084        0x0 load address 0x000000000800590c
                0x0000000024000084                _k_condvar_list_start = .
 *(SORT_BY_NAME(SORT_BY_ALIGNMENT(._k_condvar.static.*)))
                0x0000000024000084                _k_condvar_list_end = .

sys_mem_blocks_ptr_area
                0x0000000024000084        0x0 load address 0x000000000800590c
                0x0000000024000084                _sys_mem_blocks_ptr_list_start = .
 *(SORT_BY_NAME(SORT_BY_ALIGNMENT(._sys_mem_blocks_ptr.static.*)))
                0x0000000024000084                _sys_mem_blocks_ptr_list_end = .

net_buf_pool_area
                0x0000000024000084        0x0 load address 0x000000000800590c
                0x0000000024000084                _net_buf_pool_list_start = .
 *(SORT_BY_NAME(SORT_BY_ALIGNMENT(._net_buf_pool.static.*)))
                0x0000000024000084                _net_buf_pool_list_end = .
                0x0000000024000084                __data_region_end = .

bss             0x0000000024000088      0x33b
                0x0000000024000088                . = ALIGN (0x4)
                0x0000000024000088                __bss_start = .
                0x0000000024000088                __kernel_ram_start = .
 *(SORT_BY_ALIGNMENT(.bss))
 *(SORT_BY_ALIGNMENT(.bss.*))
 .bss.announced_cycles
                0x0000000024000088        0x8 zephyr/drivers/timer/libdrivers__timer.a(cortex_m_systick.c.obj)
 .bss.cycle_count
                0x0000000024000090        0x8 zephyr/drivers/timer/libdrivers__timer.a(cortex_m_systick.c.obj)
 .bss.z_idle_threads
                0x0000000024000098       0x80 zephyr/kernel/libkernel.a(init.c.obj)
                0x0000000024000098                z_idle_threads
 .bss.z_main_thread
                0x0000000024000118       0x80 zephyr/kernel/libkernel.a(init.c.obj)
                0x0000000024000118                z_main_thread
 .bss._thread_dummy
                0x0000000024000198       0x80 zephyr/kernel/libkernel.a(sched.c.obj)
                0x0000000024000198                _thread_dummy
 .bss.slice_timeouts
                0x0000000024000218       0x18 zephyr/kernel/libkernel.a(timeslicing.c.obj)
 .bss.curr_tick
                0x0000000024000230        0x8 zephyr/kernel/libkernel.a(timeout.c.obj)
 .bss.z_arm_tls_ptr
                0x0000000024000238        0x4 zephyr/arch/arch/arm/core/libarch__arm__core.a(tls.c.obj)
                0x0000000024000238                z_arm_tls_ptr
 .bss.dynamic_regions.0
                0x000000002400023c        0xc zephyr/arch/arch/arm/core/mpu/libarch__arm__core__mpu.a(arm_core_mpu.c.obj)
 .bss._stdout_hook
                0x0000000024000248        0x4 zephyr/lib/libc/picolibc/liblib__libc__picolibc.a(libc-hooks.c.obj)
 .bss.z_malloc_heap
                0x000000002400024c        0xc zephyr/lib/libc/common/liblib__libc__common.a(malloc.c.obj)
 .bss.exti_data
                0x0000000024000258       0x80 zephyr/drivers/interrupt_controller/libdrivers__interrupt_controller.a(intc_exti_stm32.c.obj)
 .bss.gpio_stm32_data_k
                0x00000000240002d8       0x10 zephyr/drivers/gpio/libdrivers__gpio.a(gpio_stm32.c.obj)
 .bss.gpio_stm32_data_j
                0x00000000240002e8       0x10 zephyr/drivers/gpio/libdrivers__gpio.a(gpio_stm32.c.obj)
 .bss.gpio_stm32_data_i
                0x00000000240002f8       0x10 zephyr/drivers/gpio/libdrivers__gpio.a(gpio_stm32.c.obj)
 .bss.gpio_stm32_data_h
                0x0000000024000308       0x10 zephyr/drivers/gpio/libdrivers__gpio.a(gpio_stm32.c.obj)
 .bss.gpio_stm32_data_g
                0x0000000024000318       0x10 zephyr/drivers/gpio/libdrivers__gpio.a(gpio_stm32.c.obj)
 .bss.gpio_stm32_data_f
                0x0000000024000328       0x10 zephyr/drivers/gpio/libdrivers__gpio.a(gpio_stm32.c.obj)
 .bss.gpio_stm32_data_e
                0x0000000024000338       0x10 zephyr/drivers/gpio/libdrivers__gpio.a(gpio_stm32.c.obj)
 .bss.gpio_stm32_data_d
                0x0000000024000348       0x10 zephyr/drivers/gpio/libdrivers__gpio.a(gpio_stm32.c.obj)
 .bss.gpio_stm32_data_c
                0x0000000024000358       0x10 zephyr/drivers/gpio/libdrivers__gpio.a(gpio_stm32.c.obj)
 .bss.gpio_stm32_data_b
                0x0000000024000368       0x10 zephyr/drivers/gpio/libdrivers__gpio.a(gpio_stm32.c.obj)
 .bss.gpio_stm32_data_a
                0x0000000024000378       0x10 zephyr/drivers/gpio/libdrivers__gpio.a(gpio_stm32.c.obj)
 .bss.overflow_cyc
                0x0000000024000388        0x4 zephyr/drivers/timer/libdrivers__timer.a(cortex_m_systick.c.obj)
 .bss.last_load
                0x000000002400038c        0x4 zephyr/drivers/timer/libdrivers__timer.a(cortex_m_systick.c.obj)
 .bss._kernel   0x0000000024000390       0x20 zephyr/kernel/libkernel.a(init.c.obj)
                0x0000000024000390                _kernel
 .bss.pending_current
                0x00000000240003b0        0x4 zephyr/kernel/libkernel.a(timeslicing.c.obj)
                0x00000000240003b0                pending_current
 .bss.slice_max_prio
                0x00000000240003b4        0x4 zephyr/kernel/libkernel.a(timeslicing.c.obj)
 .bss.slice_ticks
                0x00000000240003b8        0x4 zephyr/kernel/libkernel.a(timeslicing.c.obj)
 .bss.announce_remaining
                0x00000000240003bc        0x4 zephyr/kernel/libkernel.a(timeout.c.obj)
 .bss.static_regions_num
                0x00000000240003c0        0x1 zephyr/arch/arch/arm/core/mpu/libarch__arm__core__mpu.a(arm_mpu.c.obj)
 .bss.z_sys_post_kernel
                0x00000000240003c1        0x1 zephyr/kernel/libkernel.a(init.c.obj)
                0x00000000240003c1                z_sys_post_kernel
 .bss._sched_spinlock
                0x00000000240003c2        0x0 zephyr/kernel/libkernel.a(sched.c.obj)
                0x00000000240003c2                _sched_spinlock
 .bss.slice_expired
                0x00000000240003c2        0x1 zephyr/kernel/libkernel.a(timeslicing.c.obj)
 *(SORT_BY_ALIGNMENT(COMMON))
 *(SORT_BY_ALIGNMENT(.kernel_bss.*))
                0x00000000240003c4                __bss_end = ALIGN (0x4)

noinit          0x0000000024000400      0xe00
 *(SORT_BY_ALIGNMENT(.noinit))
 *(SORT_BY_ALIGNMENT(.noinit.*))
 .noinit."WEST_TOPDIR/zephyr/kernel/init.c".2
                0x0000000024000400      0x840 zephyr/kernel/libkernel.a(init.c.obj)
                0x0000000024000400                z_interrupt_stacks
 .noinit."WEST_TOPDIR/zephyr/kernel/init.c".1
                0x0000000024000c40      0x180 zephyr/kernel/libkernel.a(init.c.obj)
 .noinit."WEST_TOPDIR/zephyr/kernel/init.c".0
                0x0000000024000dc0      0x440 zephyr/kernel/libkernel.a(init.c.obj)
                0x0000000024000dc0                z_main_stack
 *(SORT_BY_ALIGNMENT(.kernel_noinit.*))
                0x0000000024050000                __kernel_ram_end = 0x24050000
                0x000000000004ff78                __kernel_ram_size = (__kernel_ram_end - __kernel_ram_start)

.dtcm_bss       0x0000000020000000        0x0
                0x0000000020000000                __dtcm_start = .
                0x0000000020000000                __dtcm_bss_start = .
 *(SORT_BY_ALIGNMENT(.dtcm_bss))
 *(SORT_BY_ALIGNMENT(.dtcm_bss.*))
                0x0000000020000000                __dtcm_bss_end = .

.dtcm_noinit    0x0000000020000000        0x0
                0x0000000020000000                __dtcm_noinit_start = .
 *(SORT_BY_ALIGNMENT(.dtcm_noinit))
 *(SORT_BY_ALIGNMENT(.dtcm_noinit.*))
                0x0000000020000000                __dtcm_noinit_end = .

.dtcm_data      0x0000000020000000        0x0 load address 0x000000000800590c
                0x0000000020000000                __dtcm_data_start = .
 *(SORT_BY_ALIGNMENT(.dtcm_data))
 *(SORT_BY_ALIGNMENT(.dtcm_data.*))
                0x0000000020000000                __dtcm_data_end = .
                0x0000000020000000                __dtcm_end = .
                0x000000000800590c                __dtcm_data_load_start = LOADADDR (.dtcm_data)

eth_stm32       0x0000000030004000     0x4000
                0x0000000030004000                . = ABSOLUTE (0x30004000)
 *(SORT_BY_ALIGNMENT(.eth_stm32_desc))
                0x0000000030004100                . = (ABSOLUTE (0x30004000) + 0x100)
 *fill*         0x0000000030004000      0x100 
 *(SORT_BY_ALIGNMENT(.eth_stm32_buf))
                0x0000000030008000                . = (ABSOLUTE (0x30004000) + 0x4000)
 *fill*         0x0000000030004100     0x3f00 

/DISCARD/
 *(SORT_BY_ALIGNMENT(.irq_info*))
 *(SORT_BY_ALIGNMENT(.intList*))

.last_ram_section
                0x0000000024001200        0x0
                0x0000000024001200                _image_ram_end = .
                0x0000000000001200                _image_ram_size = (_image_ram_end - _image_ram_start)
                0x0000000024001200                _end = .
                0x0000000024001200                z_mapped_end = .

.stab
 *(SORT_BY_ALIGNMENT(.stab))

.stabstr
 *(SORT_BY_ALIGNMENT(.stabstr))

.stab.excl
 *(SORT_BY_ALIGNMENT(.stab.excl))

.stab.exclstr
 *(SORT_BY_ALIGNMENT(.stab.exclstr))

.stab.index
 *(SORT_BY_ALIGNMENT(.stab.index))

.stab.indexstr
 *(SORT_BY_ALIGNMENT(.stab.indexstr))

.gnu.build.attributes
 *(SORT_BY_ALIGNMENT(.gnu.build.attributes) SORT_BY_ALIGNMENT(.gnu.build.attributes.*))

.comment        0x0000000000000000       0x20
 *(SORT_BY_ALIGNMENT(.comment))
 .comment       0x0000000000000000       0x20 zephyr/CMakeFiles/zephyr_final.dir/isr_tables.c.obj
                                         0x21 (size before relaxing)
 .comment       0x0000000000000020       0x21 zephyr/CMakeFiles/offsets.dir/./arch/arm/core/offsets/offsets.c.obj
 .comment       0x0000000000000020       0x21 app/libapp.a(main.c.obj)
 .comment       0x0000000000000020       0x21 zephyr/libzephyr.a(heap.c.obj)
 .comment       0x0000000000000020       0x21 zephyr/libzephyr.a(printk.c.obj)
 .comment       0x0000000000000020       0x21 zephyr/libzephyr.a(thread_entry.c.obj)
 .comment       0x0000000000000020       0x21 zephyr/libzephyr.a(configs.c.obj)
 .comment       0x0000000000000020       0x21 zephyr/libzephyr.a(soc_config.c.obj)
 .comment       0x0000000000000020       0x21 zephyr/libzephyr.a(soc_m7.c.obj)
 .comment       0x0000000000000020       0x21 zephyr/libzephyr.a(mpu_regions.c.obj)
 .comment       0x0000000000000020       0x21 zephyr/libzephyr.a(mem_attr.c.obj)
 .comment       0x0000000000000020       0x21 zephyr/arch/arch/arm/core/libarch__arm__core.a(fatal.c.obj)
 .comment       0x0000000000000020       0x21 zephyr/arch/arch/arm/core/libarch__arm__core.a(nmi.c.obj)
 .comment       0x0000000000000020       0x21 zephyr/arch/arch/arm/core/libarch__arm__core.a(tls.c.obj)
 .comment       0x0000000000000020       0x21 zephyr/arch/arch/arm/core/cortex_m/libarch__arm__core__cortex_m.a(exc_exit.c.obj)
 .comment       0x0000000000000020       0x21 zephyr/arch/arch/arm/core/cortex_m/libarch__arm__core__cortex_m.a(fault.c.obj)
 .comment       0x0000000000000020       0x21 zephyr/arch/arch/arm/core/cortex_m/libarch__arm__core__cortex_m.a(thread_abort.c.obj)
 .comment       0x0000000000000020       0x21 zephyr/arch/arch/arm/core/cortex_m/libarch__arm__core__cortex_m.a(swap.c.obj)
 .comment       0x0000000000000020       0x21 zephyr/arch/arch/arm/core/cortex_m/libarch__arm__core__cortex_m.a(irq_manage.c.obj)
 .comment       0x0000000000000020       0x21 zephyr/arch/arch/arm/core/cortex_m/libarch__arm__core__cortex_m.a(prep_c.c.obj)
 .comment       0x0000000000000020       0x21 zephyr/arch/arch/arm/core/cortex_m/libarch__arm__core__cortex_m.a(thread.c.obj)
 .comment       0x0000000000000020       0x21 zephyr/arch/arch/arm/core/cortex_m/libarch__arm__core__cortex_m.a(cpu_idle.c.obj)
 .comment       0x0000000000000020       0x21 zephyr/arch/arch/arm/core/cortex_m/libarch__arm__core__cortex_m.a(irq_init.c.obj)
 .comment       0x0000000000000020       0x21 zephyr/arch/arch/arm/core/cortex_m/libarch__arm__core__cortex_m.a(isr_wrapper.c.obj)
 .comment       0x0000000000000020       0x21 zephyr/arch/arch/arm/core/mpu/libarch__arm__core__mpu.a(arm_core_mpu.c.obj)
 .comment       0x0000000000000020       0x21 zephyr/arch/arch/arm/core/mpu/libarch__arm__core__mpu.a(arm_mpu.c.obj)
 .comment       0x0000000000000020       0x21 zephyr/lib/libc/picolibc/liblib__libc__picolibc.a(libc-hooks.c.obj)
 .comment       0x0000000000000020       0x21 zephyr/lib/libc/common/liblib__libc__common.a(malloc.c.obj)
 .comment       0x0000000000000020       0x21 zephyr/drivers/interrupt_controller/libdrivers__interrupt_controller.a(intc_exti_stm32.c.obj)
 .comment       0x0000000000000020       0x21 zephyr/drivers/clock_control/libdrivers__clock_control.a(clock_stm32_ll_h7.c.obj)
 .comment       0x0000000000000020       0x21 zephyr/drivers/console/libdrivers__console.a(uart_console.c.obj)
 .comment       0x0000000000000020       0x21 zephyr/drivers/gpio/libdrivers__gpio.a(gpio_stm32.c.obj)
 .comment       0x0000000000000020       0x21 zephyr/drivers/pinctrl/libdrivers__pinctrl.a(common.c.obj)
 .comment       0x0000000000000020       0x21 zephyr/drivers/pinctrl/libdrivers__pinctrl.a(pinctrl_stm32.c.obj)
 .comment       0x0000000000000020       0x21 zephyr/drivers/reset/libdrivers__reset.a(reset_stm32.c.obj)
 .comment       0x0000000000000020       0x21 zephyr/drivers/serial/libdrivers__serial.a(uart_stm32.c.obj)
 .comment       0x0000000000000020       0x21 zephyr/drivers/timer/libdrivers__timer.a(cortex_m_systick.c.obj)
 .comment       0x0000000000000020       0x21 modules/stm32/stm32cube/lib..__modules__hal__stm32__stm32cube.a(system_stm32h7xx.c.obj)
 .comment       0x0000000000000020       0x21 modules/stm32/stm32cube/lib..__modules__hal__stm32__stm32cube.a(stm32h7xx_hal.c.obj)
 .comment       0x0000000000000020       0x21 modules/stm32/stm32cube/lib..__modules__hal__stm32__stm32cube.a(stm32h7xx_ll_utils.c.obj)
 .comment       0x0000000000000020       0x21 zephyr/kernel/libkernel.a(device.c.obj)
 .comment       0x0000000000000020       0x21 zephyr/kernel/libkernel.a(fatal.c.obj)
 .comment       0x0000000000000020       0x21 zephyr/kernel/libkernel.a(init.c.obj)
 .comment       0x0000000000000020       0x21 zephyr/kernel/libkernel.a(init_static.c.obj)
 .comment       0x0000000000000020       0x21 zephyr/kernel/libkernel.a(idle.c.obj)
 .comment       0x0000000000000020       0x21 zephyr/kernel/libkernel.a(thread.c.obj)
 .comment       0x0000000000000020       0x21 zephyr/kernel/libkernel.a(sched.c.obj)
 .comment       0x0000000000000020       0x21 zephyr/kernel/libkernel.a(timeslicing.c.obj)
 .comment       0x0000000000000020       0x21 zephyr/kernel/libkernel.a(xip.c.obj)
 .comment       0x0000000000000020       0x21 zephyr/kernel/libkernel.a(timeout.c.obj)
 .comment       0x0000000000000020       0x21 zephyr/kernel/libkernel.a(banner.c.obj)

.debug
 *(SORT_BY_ALIGNMENT(.debug))

.line
 *(SORT_BY_ALIGNMENT(.line))

.debug_srcinfo
 *(SORT_BY_ALIGNMENT(.debug_srcinfo))

.debug_sfnames
 *(SORT_BY_ALIGNMENT(.debug_sfnames))

.debug_aranges  0x0000000000000000      0xfb0
 *(SORT_BY_ALIGNMENT(.debug_aranges))
 .debug_aranges
                0x0000000000000000       0x20 zephyr/arch/arch/arm/core/libarch__arm__core.a(nmi_on_reset.S.obj)
 .debug_aranges
                0x0000000000000020       0x20 zephyr/arch/arch/arm/core/cortex_m/libarch__arm__core__cortex_m.a(fault_s.S.obj)
 .debug_aranges
                0x0000000000000040       0x20 zephyr/arch/arch/arm/core/cortex_m/libarch__arm__core__cortex_m.a(reset.S.obj)
 .debug_aranges
                0x0000000000000060       0x28 zephyr/arch/arch/arm/core/cortex_m/libarch__arm__core__cortex_m.a(swap_helper.S.obj)
 .debug_aranges
                0x0000000000000088       0x20 zephyr/arch/arch/arm/core/cortex_m/libarch__arm__core__cortex_m.a(__aeabi_read_tp.S.obj)
 .debug_aranges
                0x00000000000000a8       0x18 zephyr/CMakeFiles/zephyr_final.dir/isr_tables.c.obj
 .debug_aranges
                0x00000000000000c0       0x20 zephyr/CMakeFiles/offsets.dir/./arch/arm/core/offsets/offsets.c.obj
 .debug_aranges
                0x00000000000000e0       0x20 app/libapp.a(main.c.obj)
 .debug_aranges
                0x0000000000000100       0xb8 zephyr/libzephyr.a(heap.c.obj)
 .debug_aranges
                0x00000000000001b8       0x50 zephyr/libzephyr.a(printk.c.obj)
 .debug_aranges
                0x0000000000000208       0x20 zephyr/libzephyr.a(thread_entry.c.obj)
 .debug_aranges
                0x0000000000000228       0x20 zephyr/libzephyr.a(configs.c.obj)
 .debug_aranges
                0x0000000000000248       0x20 zephyr/libzephyr.a(soc_config.c.obj)
 .debug_aranges
                0x0000000000000268       0x20 zephyr/libzephyr.a(soc_m7.c.obj)
 .debug_aranges
                0x0000000000000288       0x18 zephyr/libzephyr.a(mpu_regions.c.obj)
 .debug_aranges
                0x00000000000002a0       0x28 zephyr/libzephyr.a(mem_attr.c.obj)
 .debug_aranges
                0x00000000000002c8       0x30 zephyr/arch/arch/arm/core/libarch__arm__core.a(fatal.c.obj)
 .debug_aranges
                0x00000000000002f8       0x28 zephyr/arch/arch/arm/core/libarch__arm__core.a(nmi.c.obj)
 .debug_aranges
                0x0000000000000320       0x20 zephyr/arch/arch/arm/core/libarch__arm__core.a(tls.c.obj)
 .debug_aranges
                0x0000000000000340       0x20 zephyr/arch/arch/arm/core/cortex_m/libarch__arm__core__cortex_m.a(exc_exit.c.obj)
 .debug_aranges
                0x0000000000000360       0x40 zephyr/arch/arch/arm/core/cortex_m/libarch__arm__core__cortex_m.a(fault.c.obj)
 .debug_aranges
                0x00000000000003a0       0x20 zephyr/arch/arch/arm/core/cortex_m/libarch__arm__core__cortex_m.a(thread_abort.c.obj)
 .debug_aranges
                0x00000000000003c0       0x28 zephyr/arch/arch/arm/core/cortex_m/libarch__arm__core__cortex_m.a(swap.c.obj)
 .debug_aranges
                0x00000000000003e8       0x40 zephyr/arch/arch/arm/core/cortex_m/libarch__arm__core__cortex_m.a(irq_manage.c.obj)
 .debug_aranges
                0x0000000000000428       0x20 zephyr/arch/arch/arm/core/cortex_m/libarch__arm__core__cortex_m.a(prep_c.c.obj)
 .debug_aranges
                0x0000000000000448       0x40 zephyr/arch/arch/arm/core/cortex_m/libarch__arm__core__cortex_m.a(thread.c.obj)
 .debug_aranges
                0x0000000000000488       0x30 zephyr/arch/arch/arm/core/cortex_m/libarch__arm__core__cortex_m.a(cpu_idle.c.obj)
 .debug_aranges
                0x00000000000004b8       0x20 zephyr/arch/arch/arm/core/cortex_m/libarch__arm__core__cortex_m.a(irq_init.c.obj)
 .debug_aranges
                0x00000000000004d8       0x20 zephyr/arch/arch/arm/core/cortex_m/libarch__arm__core__cortex_m.a(isr_wrapper.c.obj)
 .debug_aranges
                0x00000000000004f8       0x28 zephyr/arch/arch/arm/core/mpu/libarch__arm__core__mpu.a(arm_core_mpu.c.obj)
 .debug_aranges
                0x0000000000000520       0x58 zephyr/arch/arch/arm/core/mpu/libarch__arm__core__mpu.a(arm_mpu.c.obj)
 .debug_aranges
                0x0000000000000578       0xb0 zephyr/lib/libc/picolibc/liblib__libc__picolibc.a(libc-hooks.c.obj)
 .debug_aranges
                0x0000000000000628       0x60 zephyr/lib/libc/common/liblib__libc__common.a(malloc.c.obj)
 .debug_aranges
                0x0000000000000688       0x58 zephyr/drivers/interrupt_controller/libdrivers__interrupt_controller.a(intc_exti_stm32.c.obj)
 .debug_aranges
                0x00000000000006e0       0x60 zephyr/drivers/clock_control/libdrivers__clock_control.a(clock_stm32_ll_h7.c.obj)
 .debug_aranges
                0x0000000000000740       0x30 zephyr/drivers/console/libdrivers__console.a(uart_console.c.obj)
 .debug_aranges
                0x0000000000000770       0x78 zephyr/drivers/gpio/libdrivers__gpio.a(gpio_stm32.c.obj)
 .debug_aranges
                0x00000000000007e8       0x20 zephyr/drivers/pinctrl/libdrivers__pinctrl.a(common.c.obj)
 .debug_aranges
                0x0000000000000808       0x20 zephyr/drivers/pinctrl/libdrivers__pinctrl.a(pinctrl_stm32.c.obj)
 .debug_aranges
                0x0000000000000828       0x38 zephyr/drivers/reset/libdrivers__reset.a(reset_stm32.c.obj)
 .debug_aranges
                0x0000000000000860       0x60 zephyr/drivers/serial/libdrivers__serial.a(uart_stm32.c.obj)
 .debug_aranges
                0x00000000000008c0       0x60 zephyr/drivers/timer/libdrivers__timer.a(cortex_m_systick.c.obj)
 .debug_aranges
                0x0000000000000920       0x28 modules/stm32/stm32cube/lib..__modules__hal__stm32__stm32cube.a(system_stm32h7xx.c.obj)
 .debug_aranges
                0x0000000000000948      0x1c8 modules/stm32/stm32cube/lib..__modules__hal__stm32__stm32cube.a(stm32h7xx_hal.c.obj)
 .debug_aranges
                0x0000000000000b10       0x58 modules/stm32/stm32cube/lib..__modules__hal__stm32__stm32cube.a(stm32h7xx_ll_utils.c.obj)
 .debug_aranges
                0x0000000000000b68       0x38 zephyr/kernel/libkernel.a(device.c.obj)
 .debug_aranges
                0x0000000000000ba0       0x38 zephyr/kernel/libkernel.a(fatal.c.obj)
 .debug_aranges
                0x0000000000000bd8       0x68 zephyr/kernel/libkernel.a(init.c.obj)
 .debug_aranges
                0x0000000000000c40       0x20 zephyr/kernel/libkernel.a(init_static.c.obj)
 .debug_aranges